
Discarded input sections

 .text          0x00000000        0x0 ./Primitivas/Display_7_seg.o
 .data          0x00000000        0x0 ./Primitivas/Display_7_seg.o
 .bss           0x00000000        0x0 ./Primitivas/Display_7_seg.o
 .data.Tabla_Digitos_BCD_7seg
                0x00000000        0xc ./Primitivas/Display_7_seg.o
 .text.Display_7seg
                0x00000000       0x14 ./Primitivas/Display_7_seg.o
 .text          0x00000000        0x0 ./Primitivas/Display_7seg_bcd.o
 .data          0x00000000        0x0 ./Primitivas/Display_7seg_bcd.o
 .bss           0x00000000        0x0 ./Primitivas/Display_7seg_bcd.o
 .text.Display_BCD
                0x00000000       0xe0 ./Primitivas/Display_7seg_bcd.o

Memory Configuration

Name             Origin             Length             Attributes
MFlash512        0x00000000         0x00080000         xr
RamLoc32         0x10000000         0x00008000         xrw
RamAHB32         0x2007c000         0x00008000         xrw
*default*        0x00000000         0xffffffff

Linker script and memory map

LOAD ./Primitivas/Display_7_seg.o
LOAD ./Primitivas/Display_7seg_bcd.o
START GROUP
LOAD c:/nxp/lpcxpresso_5.2.6_2137/lpcxpresso/tools/bin/../lib/gcc/arm-none-eabi/4.6.2/../../../../arm-none-eabi/lib/armv7-m\libcr_c.a
LOAD c:/nxp/lpcxpresso_5.2.6_2137/lpcxpresso/tools/bin/../lib/gcc/arm-none-eabi/4.6.2/armv7-m\libcr_eabihelpers.a
END GROUP
                0x00080000                __top_MFlash512 = 0x80000
                0x10008000                __top_RamLoc32 = 0x10008000
                0x20084000                __top_RamAHB32 = 0x20084000

.text           0x00000000       0x28
 FILL mask 0xff
                0x00000000                __vectors_start__ = ABSOLUTE (.)
 *(.isr_vector)
                0x00000000                . = ALIGN (0x4)
                0x00000000                __section_table_start = .
                0x00000000                __data_section_table = .
                0x00000000        0x4 LONG 0x28 LOADADDR (.data)
                0x00000004        0x4 LONG 0x10000000 ADDR (.data)
                0x00000008        0x4 LONG 0x0 SIZEOF (.data)
                0x0000000c        0x4 LONG 0x28 LOADADDR (.data_RAM2)
                0x00000010        0x4 LONG 0x2007c000 ADDR (.data_RAM2)
                0x00000014        0x4 LONG 0x0 SIZEOF (.data_RAM2)
                0x00000018                __data_section_table_end = .
                0x00000018                __bss_section_table = .
                0x00000018        0x4 LONG 0x10000000 ADDR (.bss)
                0x0000001c        0x4 LONG 0x0 SIZEOF (.bss)
                0x00000020        0x4 LONG 0x2007c000 ADDR (.bss_RAM2)
                0x00000024        0x4 LONG 0x0 SIZEOF (.bss_RAM2)
                0x00000028                __bss_section_table_end = .
                0x00000028                __section_table_end = .
 *(.after_vectors*)
 *(.text*)
 *(.rodata .rodata.*)
                0x00000028                . = ALIGN (0x4)

.glue_7         0x00000028        0x0
 .glue_7        0x00000000        0x0 linker stubs

.glue_7t        0x00000028        0x0
 .glue_7t       0x00000000        0x0 linker stubs

.vfp11_veneer   0x00000028        0x0
 .vfp11_veneer  0x00000000        0x0 linker stubs

.v4_bx          0x00000028        0x0
 .v4_bx         0x00000000        0x0 linker stubs

.ARM.extab
 *(.ARM.extab* .gnu.linkonce.armextab.*)
                0x00000028                __exidx_start = .

.ARM.exidx
 *(.ARM.exidx* .gnu.linkonce.armexidx.*)
                0x00000028                __exidx_end = .
                0x00000028                _etext = .

.data_RAM2      0x2007c000        0x0 load address 0x00000028
 FILL mask 0xff
 *(.data.$RAM2*)
 *(.data.$RamAHB32*)
                0x2007c000                . = ALIGN (0x4)

.uninit_RESERVED
                0x10000000        0x0
 *(.bss.$RESERVED*)
                0x10000000                . = ALIGN (0x4)
                0x10000000                _end_uninit_RESERVED = .

.data           0x10000000        0x0 load address 0x00000028
 FILL mask 0xff
                0x10000000                _data = .
 *(vtable)
 *(.data*)
                0x10000000                . = ALIGN (0x4)
                0x10000000                _edata = .

.bss_RAM2       0x2007c000        0x0
 *(.bss.$RAM2*)
 *(.bss.$RamAHB32*)
                0x2007c000                . = ALIGN (0x4)

.bss            0x10000000        0x0
                0x10000000                _bss = .
 *(.bss*)
 *(COMMON)
                0x10000000                . = ALIGN (0x4)
                0x10000000                _ebss = .
                0x10000000                PROVIDE (end, .)

.noinit_RAM2    0x2007c000        0x0
 *(.noinit.$RAM2*)
 *(.noinit.$RamAHB32*)
                0x2007c000                . = ALIGN (0x4)

.noinit         0x10000000        0x0
                0x10000000                _noinit = .
 *(.noinit*)
                0x10000000                . = ALIGN (0x4)
                0x10000000                _end_noinit = .
                0x10000000                PROVIDE (_pvHeapStart, .)
                0x10008000                PROVIDE (_vStackTop, (__top_RamLoc32 - 0x0))
OUTPUT(TPL_Display_7seg.axf elf32-littlearm)

.debug_info     0x00000000      0x172
 .debug_info    0x00000000       0x98 ./Primitivas/Display_7_seg.o
 .debug_info    0x00000098       0xda ./Primitivas/Display_7seg_bcd.o

.debug_abbrev   0x00000000      0x106
 .debug_abbrev  0x00000000       0x79 ./Primitivas/Display_7_seg.o
 .debug_abbrev  0x00000079       0x8d ./Primitivas/Display_7seg_bcd.o

.debug_loc      0x00000000       0x70
 .debug_loc     0x00000000       0x38 ./Primitivas/Display_7_seg.o
 .debug_loc     0x00000038       0x38 ./Primitivas/Display_7seg_bcd.o

.debug_aranges  0x00000000       0x40
 .debug_aranges
                0x00000000       0x20 ./Primitivas/Display_7_seg.o
 .debug_aranges
                0x00000020       0x20 ./Primitivas/Display_7seg_bcd.o

.debug_ranges   0x00000000       0x20
 .debug_ranges  0x00000000       0x10 ./Primitivas/Display_7_seg.o
 .debug_ranges  0x00000010       0x10 ./Primitivas/Display_7seg_bcd.o

.debug_line     0x00000000      0x1a7
 .debug_line    0x00000000       0xd0 ./Primitivas/Display_7_seg.o
 .debug_line    0x000000d0       0xd7 ./Primitivas/Display_7seg_bcd.o

.debug_macinfo  0x00000000     0x563a
 .debug_macinfo
                0x00000000     0x30df ./Primitivas/Display_7_seg.o
 .debug_macinfo
                0x000030df     0x255b ./Primitivas/Display_7seg_bcd.o

.debug_str      0x00000000      0x14d
 .debug_str     0x00000000      0x10b ./Primitivas/Display_7_seg.o
                                0x118 (size before relaxing)
 .debug_str     0x0000010b       0x42 ./Primitivas/Display_7seg_bcd.o
                                0x10e (size before relaxing)

.comment        0x00000000       0x70
 .comment       0x00000000       0x70 ./Primitivas/Display_7_seg.o
                                 0x71 (size before relaxing)
 .comment       0x00000000       0x71 ./Primitivas/Display_7seg_bcd.o

.ARM.attributes
                0x00000000       0x33
 .ARM.attributes
                0x00000000       0x33 ./Primitivas/Display_7_seg.o
 .ARM.attributes
                0x00000033       0x33 ./Primitivas/Display_7seg_bcd.o

.debug_frame    0x00000000       0x58
 .debug_frame   0x00000000       0x2c ./Primitivas/Display_7_seg.o
 .debug_frame   0x0000002c       0x2c ./Primitivas/Display_7seg_bcd.o
