Archive member included because of file (symbol)

/usr/local/lpcxpresso_7.9.0_455/lpcxpresso/tools/bin/../lib/gcc/arm-none-eabi/4.9.3/../../../../arm-none-eabi/lib/armv7-m/libcr_c.a(__weak__main.o)
                              ./src/cr_startup_lpc175x_6x.o (__main)

Allocating common symbols
Common symbol       size              file

estadoMaquina       0x1               ./src/maquinaEstados.o
estadoLed           0x1               ./src/maquinaEstados.o

Discarded input sections

 .group         0x00000000        0x8 ./src/Oscilador.o
 .group         0x00000000        0x8 ./src/Oscilador.o
 .group         0x00000000        0x8 ./src/Oscilador.o
 .group         0x00000000        0x8 ./src/Oscilador.o
 .text          0x00000000        0x0 ./src/Oscilador.o
 .data          0x00000000        0x0 ./src/Oscilador.o
 .bss           0x00000000        0x0 ./src/Oscilador.o
 .group         0x00000000        0x8 ./src/cr_startup_lpc175x_6x.o
 .text          0x00000000        0x0 ./src/cr_startup_lpc175x_6x.o
 .data          0x00000000        0x0 ./src/cr_startup_lpc175x_6x.o
 .bss           0x00000000        0x0 ./src/cr_startup_lpc175x_6x.o
 .debug_macro   0x00000000      0x874 ./src/cr_startup_lpc175x_6x.o
 .group         0x00000000        0x8 ./src/crp.o
 .group         0x00000000        0x8 ./src/crp.o
 .text          0x00000000        0x0 ./src/crp.o
 .data          0x00000000        0x0 ./src/crp.o
 .bss           0x00000000        0x0 ./src/crp.o
 .debug_macro   0x00000000      0x874 ./src/crp.o
 .group         0x00000000        0x8 ./src/maquinaEstados.o
 .group         0x00000000        0x8 ./src/maquinaEstados.o
 .group         0x00000000        0x8 ./src/maquinaEstados.o
 .group         0x00000000        0x8 ./src/maquinaEstados.o
 .group         0x00000000        0x8 ./src/maquinaEstados.o
 .text          0x00000000        0x0 ./src/maquinaEstados.o
 .data          0x00000000        0x0 ./src/maquinaEstados.o
 .bss           0x00000000        0x0 ./src/maquinaEstados.o
 .text.GetPIN   0x00000000       0x4c ./src/maquinaEstados.o
 .debug_macro   0x00000000      0x874 ./src/maquinaEstados.o
 .debug_macro   0x00000000       0xfa ./src/maquinaEstados.o
 .debug_macro   0x00000000       0xd6 ./src/maquinaEstados.o
 .debug_macro   0x00000000      0x1c6 ./src/maquinaEstados.o
 .text          0x00000000        0x0 /usr/local/lpcxpresso_7.9.0_455/lpcxpresso/tools/bin/../lib/gcc/arm-none-eabi/4.9.3/../../../../arm-none-eabi/lib/armv7-m/libcr_c.a(__weak__main.o)
 .data          0x00000000        0x0 /usr/local/lpcxpresso_7.9.0_455/lpcxpresso/tools/bin/../lib/gcc/arm-none-eabi/4.9.3/../../../../arm-none-eabi/lib/armv7-m/libcr_c.a(__weak__main.o)
 .bss           0x00000000        0x0 /usr/local/lpcxpresso_7.9.0_455/lpcxpresso/tools/bin/../lib/gcc/arm-none-eabi/4.9.3/../../../../arm-none-eabi/lib/armv7-m/libcr_c.a(__weak__main.o)

Memory Configuration

Name             Origin             Length             Attributes
MFlash512        0x00000000         0x00080000         xr
RamLoc32         0x10000000         0x00008000         xrw
RamAHB32         0x2007c000         0x00008000         xrw
*default*        0x00000000         0xffffffff

Linker script and memory map

LOAD ./src/Oscilador.o
LOAD ./src/cr_startup_lpc175x_6x.o
LOAD ./src/crp.o
LOAD ./src/maquinaEstados.o
START GROUP
LOAD /usr/local/lpcxpresso_7.9.0_455/lpcxpresso/tools/bin/../lib/gcc/arm-none-eabi/4.9.3/../../../../arm-none-eabi/lib/armv7-m/libcr_c.a
LOAD /usr/local/lpcxpresso_7.9.0_455/lpcxpresso/tools/bin/../lib/gcc/arm-none-eabi/4.9.3/armv7-m/libcr_eabihelpers.a
END GROUP
                0x00080000                __top_MFlash512 = 0x80000
                0x00080000                __top_Flash = 0x80000
                0x10008000                __top_RamLoc32 = 0x10008000
                0x10008000                __top_RAM = 0x10008000
                0x20084000                __top_RamAHB32 = 0x20084000
                0x20084000                __top_RAM2 = 0x20084000

.text           0x00000000      0x680
 FILL mask 0xff
                0x00000000                __vectors_start__ = ABSOLUTE (.)
 *(.isr_vector)
 .isr_vector    0x00000000       0xcc ./src/cr_startup_lpc175x_6x.o
                0x00000000                g_pfnVectors
                0x000000cc                . = ALIGN (0x4)
                0x000000cc                __section_table_start = .
                0x000000cc                __data_section_table = .
                0x000000cc        0x4 LONG 0x680 LOADADDR (.data)
                0x000000d0        0x4 LONG 0x10000000 ADDR (.data)
                0x000000d4        0x4 LONG 0x0 SIZEOF (.data)
                0x000000d8        0x4 LONG 0x680 LOADADDR (.data_RAM2)
                0x000000dc        0x4 LONG 0x2007c000 ADDR (.data_RAM2)
                0x000000e0        0x4 LONG 0x0 SIZEOF (.data_RAM2)
                0x000000e4                __data_section_table_end = .
                0x000000e4                __bss_section_table = .
                0x000000e4        0x4 LONG 0x10000000 ADDR (.bss)
                0x000000e8        0x4 LONG 0x4 SIZEOF (.bss)
                0x000000ec        0x4 LONG 0x2007c000 ADDR (.bss_RAM2)
                0x000000f0        0x4 LONG 0x0 SIZEOF (.bss_RAM2)
                0x000000f4                __bss_section_table_end = .
                0x000000f4                __section_table_end = .
 *(.after_vectors*)
 .after_vectors
                0x000000f4      0x140 ./src/cr_startup_lpc175x_6x.o
                0x000000f4                data_init
                0x00000138                bss_init
                0x00000170                ResetISR
                0x000001e4                NMI_Handler
                0x000001ec                HardFault_Handler
                0x000001f4                MemManage_Handler
                0x000001fc                BusFault_Handler
                0x00000204                UsageFault_Handler
                0x0000020c                SVC_Handler
                0x00000214                DebugMon_Handler
                0x0000021c                PendSV_Handler
                0x00000224                SysTick_Handler
                0x0000022c                TIMER2_IRQHandler
                0x0000022c                RIT_IRQHandler
                0x0000022c                I2C0_IRQHandler
                0x0000022c                USBActivity_IRQHandler
                0x0000022c                PWM1_IRQHandler
                0x0000022c                I2C1_IRQHandler
                0x0000022c                EINT2_IRQHandler
                0x0000022c                UART1_IRQHandler
                0x0000022c                EINT3_IRQHandler
                0x0000022c                CANActivity_IRQHandler
                0x0000022c                TIMER3_IRQHandler
                0x0000022c                UART0_IRQHandler
                0x0000022c                IntDefaultHandler
                0x0000022c                PLL0_IRQHandler
                0x0000022c                CAN_IRQHandler
                0x0000022c                PLL1_IRQHandler
                0x0000022c                SSP0_IRQHandler
                0x0000022c                I2S_IRQHandler
                0x0000022c                I2C2_IRQHandler
                0x0000022c                RTC_IRQHandler
                0x0000022c                TIMER0_IRQHandler
                0x0000022c                SPI_IRQHandler
                0x0000022c                EINT1_IRQHandler
                0x0000022c                TIMER1_IRQHandler
                0x0000022c                UART2_IRQHandler
                0x0000022c                ADC_IRQHandler
                0x0000022c                SSP1_IRQHandler
                0x0000022c                USB_IRQHandler
                0x0000022c                BOD_IRQHandler
                0x0000022c                WDT_IRQHandler
                0x0000022c                QEI_IRQHandler
                0x0000022c                EINT0_IRQHandler
                0x0000022c                DMA_IRQHandler
                0x0000022c                UART3_IRQHandler
                0x0000022c                MCPWM_IRQHandler
                0x0000022c                ENET_IRQHandler
                0x000002fc                . = 0x2fc
 *fill*         0x00000234       0xc8 ff
                0x000002fc                PROVIDE (__CRP_WORD_START__, .)
 *(.crp)
 .crp           0x000002fc        0x4 ./src/crp.o
                0x000002fc                CRP_WORD
                0x00000300                PROVIDE (__CRP_WORD_END__, .)
                0x00000001                ASSERT (! ((__CRP_WORD_START__ == __CRP_WORD_END__)), Linker CRP Enabled, but no CRP_WORD provided within application)
 *(.text*)
 .text.InitPLL  0x00000300      0x140 ./src/Oscilador.o
                0x00000300                InitPLL
 .text.SetPINSEL
                0x00000440       0x88 ./src/maquinaEstados.o
                0x00000440                SetPINSEL
 .text.SetDIR   0x000004c8       0x70 ./src/maquinaEstados.o
                0x000004c8                SetDIR
 .text.SetPIN   0x00000538       0x74 ./src/maquinaEstados.o
                0x00000538                SetPIN
 .text.init     0x000005ac       0x20 ./src/maquinaEstados.o
                0x000005ac                init
 .text.main     0x000005cc       0xb0 ./src/maquinaEstados.o
                0x000005cc                main
 .text.__weak_main
                0x0000067c        0x4 /usr/local/lpcxpresso_7.9.0_455/lpcxpresso/tools/bin/../lib/gcc/arm-none-eabi/4.9.3/../../../../arm-none-eabi/lib/armv7-m/libcr_c.a(__weak__main.o)
                0x0000067c                __main
                0x0000067c                __weak_main
 *(.rodata .rodata.* .constdata .constdata.*)
                0x00000680                . = ALIGN (0x4)

.glue_7         0x00000680        0x0
 .glue_7        0x00000000        0x0 linker stubs

.glue_7t        0x00000680        0x0
 .glue_7t       0x00000000        0x0 linker stubs

.vfp11_veneer   0x00000680        0x0
 .vfp11_veneer  0x00000000        0x0 linker stubs

.v4_bx          0x00000680        0x0
 .v4_bx         0x00000000        0x0 linker stubs

.iplt           0x00000680        0x0
 .iplt          0x00000000        0x0 ./src/Oscilador.o

.rel.dyn        0x00000680        0x0
 .rel.iplt      0x00000000        0x0 ./src/Oscilador.o

.ARM.extab
 *(.ARM.extab* .gnu.linkonce.armextab.*)
                0x00000680                __exidx_start = .

.ARM.exidx
 *(.ARM.exidx* .gnu.linkonce.armexidx.*)
                0x00000680                __exidx_end = .
                0x00000680                _etext = .

.data_RAM2      0x2007c000        0x0 load address 0x00000680
 FILL mask 0xff
                0x2007c000                PROVIDE (__start_data_RAM2, .)
 *(.ramfunc.$RAM2)
 *(.ramfunc.$RamAHB32)
 *(.data.$RAM2*)
 *(.data.$RamAHB32*)
                0x2007c000                . = ALIGN (0x4)
                0x2007c000                PROVIDE (__end_data_RAM2, .)

.uninit_RESERVED
                0x10000000        0x0
 *(.bss.$RESERVED*)
                0x10000000                . = ALIGN (0x4)
                0x10000000                _end_uninit_RESERVED = .

.data           0x10000000        0x0 load address 0x00000680
 FILL mask 0xff
                0x10000000                _data = .
 *(vtable)
 *(.ramfunc*)
 *(.data*)
                0x10000000                . = ALIGN (0x4)
                0x10000000                _edata = .

.igot.plt       0x10000000        0x0 load address 0x00000680
 .igot.plt      0x00000000        0x0 ./src/Oscilador.o

.bss_RAM2       0x2007c000        0x0
                0x2007c000                PROVIDE (__start_bss_RAM2, .)
 *(.bss.$RAM2*)
 *(.bss.$RamAHB32*)
                0x2007c000                . = ALIGN ((. != 0x0)?0x4:0x1)
                0x2007c000                PROVIDE (__end_bss_RAM2, .)

.bss            0x10000000        0x4
                0x10000000                _bss = .
 *(.bss*)
 *(COMMON)
 COMMON         0x10000000        0x2 ./src/maquinaEstados.o
                0x10000000                estadoMaquina
                0x10000001                estadoLed
                0x10000004                . = ALIGN (0x4)
 *fill*         0x10000002        0x2 
                0x10000004                _ebss = .
                0x10000004                PROVIDE (end, .)

.noinit_RAM2    0x2007c000        0x0
 *(.noinit.$RAM2*)
 *(.noinit.$RamAHB32*)
                0x2007c000                . = ALIGN (0x4)

.noinit         0x10000004        0x0
                0x10000004                _noinit = .
 *(.noinit*)
                0x10000004                . = ALIGN (0x4)
                0x10000004                _end_noinit = .
                0x10000004                PROVIDE (_pvHeapStart, DEFINED (__user_heap_base)?__user_heap_base:.)
                0x10008000                PROVIDE (_vStackTop, DEFINED (__user_stack_top)?__user_stack_top:(__top_RamLoc32 - 0x0))
                0xefff74c6                PROVIDE (__valid_user_code_checksum, (0x0 - ((((((_vStackTop + (ResetISR + 0x1)) + (NMI_Handler + 0x1)) + (HardFault_Handler + 0x1)) + (DEFINED (MemManage_Handler)?MemManage_Handler:0x0 + 0x1)) + (DEFINED (BusFault_Handler)?BusFault_Handler:0x0 + 0x1)) + (DEFINED (UsageFault_Handler)?UsageFault_Handler:0x0 + 0x1))))
OUTPUT(maquinaEstados.axf elf32-littlearm)

.debug_info     0x00000000      0x4dc
 .debug_info    0x00000000       0x6b ./src/Oscilador.o
 .debug_info    0x0000006b      0x24b ./src/cr_startup_lpc175x_6x.o
 .debug_info    0x000002b6       0x3f ./src/crp.o
 .debug_info    0x000002f5      0x1e7 ./src/maquinaEstados.o

.debug_abbrev   0x00000000      0x262
 .debug_abbrev  0x00000000       0x4e ./src/Oscilador.o
 .debug_abbrev  0x0000004e       0xf5 ./src/cr_startup_lpc175x_6x.o
 .debug_abbrev  0x00000143       0x36 ./src/crp.o
 .debug_abbrev  0x00000179       0xe9 ./src/maquinaEstados.o

.debug_aranges  0x00000000      0x100
 .debug_aranges
                0x00000000       0x20 ./src/Oscilador.o
 .debug_aranges
                0x00000020       0x80 ./src/cr_startup_lpc175x_6x.o
 .debug_aranges
                0x000000a0       0x18 ./src/crp.o
 .debug_aranges
                0x000000b8       0x48 ./src/maquinaEstados.o

.debug_ranges   0x00000000       0xb8
 .debug_ranges  0x00000000       0x10 ./src/Oscilador.o
 .debug_ranges  0x00000010       0x70 ./src/cr_startup_lpc175x_6x.o
 .debug_ranges  0x00000080       0x38 ./src/maquinaEstados.o

.debug_macro    0x00000000      0xd82
 .debug_macro   0x00000000       0x2c ./src/Oscilador.o
 .debug_macro   0x0000002c      0x874 ./src/Oscilador.o
 .debug_macro   0x000008a0       0xfa ./src/Oscilador.o
 .debug_macro   0x0000099a       0xd6 ./src/Oscilador.o
 .debug_macro   0x00000a70      0x1c6 ./src/Oscilador.o
 .debug_macro   0x00000c36       0x1d ./src/cr_startup_lpc175x_6x.o
 .debug_macro   0x00000c53       0x1a ./src/crp.o
 .debug_macro   0x00000c6d       0x34 ./src/crp.o
 .debug_macro   0x00000ca1       0x5f ./src/maquinaEstados.o
 .debug_macro   0x00000d00       0x82 ./src/maquinaEstados.o

.debug_line     0x00000000      0x372
 .debug_line    0x00000000       0xb5 ./src/Oscilador.o
 .debug_line    0x000000b5       0xd4 ./src/cr_startup_lpc175x_6x.o
 .debug_line    0x00000189       0x7c ./src/crp.o
 .debug_line    0x00000205      0x16d ./src/maquinaEstados.o

.debug_str      0x00000000     0x3902
 .debug_str     0x00000000     0x3120 ./src/Oscilador.o
                               0x314e (size before relaxing)
 .debug_str     0x00003120      0x1cb ./src/cr_startup_lpc175x_6x.o
                               0x2649 (size before relaxing)
 .debug_str     0x000032eb       0xe9 ./src/crp.o
                               0x2561 (size before relaxing)
 .debug_str     0x000033d4      0x52e ./src/maquinaEstados.o
                               0x3666 (size before relaxing)

.comment        0x00000000       0x70
 .comment       0x00000000       0x70 ./src/Oscilador.o
                                 0x71 (size before relaxing)
 .comment       0x00000000       0x71 ./src/cr_startup_lpc175x_6x.o
 .comment       0x00000000       0x71 ./src/crp.o
 .comment       0x00000000       0x71 ./src/maquinaEstados.o
 .comment       0x00000000       0x71 /usr/local/lpcxpresso_7.9.0_455/lpcxpresso/tools/bin/../lib/gcc/arm-none-eabi/4.9.3/../../../../arm-none-eabi/lib/armv7-m/libcr_c.a(__weak__main.o)

.ARM.attributes
                0x00000000       0x33
 .ARM.attributes
                0x00000000       0x33 ./src/Oscilador.o
 .ARM.attributes
                0x00000033       0x33 ./src/cr_startup_lpc175x_6x.o
 .ARM.attributes
                0x00000066       0x33 ./src/crp.o
 .ARM.attributes
                0x00000099       0x33 ./src/maquinaEstados.o
 .ARM.attributes
                0x000000cc       0x33 /usr/local/lpcxpresso_7.9.0_455/lpcxpresso/tools/bin/../lib/gcc/arm-none-eabi/4.9.3/../../../../arm-none-eabi/lib/armv7-m/libcr_c.a(__weak__main.o)

.debug_frame    0x00000000      0x28c
 .debug_frame   0x00000000       0x30 ./src/Oscilador.o
 .debug_frame   0x00000030      0x170 ./src/cr_startup_lpc175x_6x.o
 .debug_frame   0x000001a0       0xec ./src/maquinaEstados.o
