Archive member included because of file (symbol)

/usr/local/lpcxpresso_7.9.0_455/lpcxpresso/tools/bin/../lib/gcc/arm-none-eabi/4.9.3/../../../../arm-none-eabi/lib/armv7-m/libcr_c.a(__weak__main.o)
                              ./src/cr_startup_lpc176x.o (__main)

Allocating common symbols
Common symbol       size              file

bufferRX            0x64              ./src/main.o

Discarded input sections

 .group         0x00000000        0x8 ./src/UART0.o
 .group         0x00000000        0x8 ./src/UART0.o
 .text          0x00000000        0x0 ./src/UART0.o
 .data          0x00000000        0x0 ./src/UART0.o
 .bss           0x00000000        0x0 ./src/UART0.o
 .group         0x00000000        0x8 ./src/adc.o
 .group         0x00000000        0x8 ./src/adc.o
 .text          0x00000000        0x0 ./src/adc.o
 .data          0x00000000        0x0 ./src/adc.o
 .bss           0x00000000        0x0 ./src/adc.o
 .debug_macro   0x00000000      0x86e ./src/adc.o
 .debug_macro   0x00000000      0x433 ./src/adc.o
 .group         0x00000000        0x8 ./src/cr_startup_lpc176x.o
 .text          0x00000000        0x0 ./src/cr_startup_lpc176x.o
 .data          0x00000000        0x0 ./src/cr_startup_lpc176x.o
 .bss           0x00000000        0x0 ./src/cr_startup_lpc176x.o
 .group         0x00000000        0x8 ./src/gpio.o
 .group         0x00000000        0x8 ./src/gpio.o
 .text          0x00000000        0x0 ./src/gpio.o
 .data          0x00000000        0x0 ./src/gpio.o
 .bss           0x00000000        0x0 ./src/gpio.o
 .text.SetPIN   0x00000000       0x50 ./src/gpio.o
 .text.GetPIN   0x00000000       0x2c ./src/gpio.o
 .debug_macro   0x00000000      0x86e ./src/gpio.o
 .debug_macro   0x00000000      0x433 ./src/gpio.o
 .group         0x00000000        0x8 ./src/init.o
 .group         0x00000000        0x8 ./src/init.o
 .text          0x00000000        0x0 ./src/init.o
 .data          0x00000000        0x0 ./src/init.o
 .bss           0x00000000        0x0 ./src/init.o
 .debug_macro   0x00000000      0x86e ./src/init.o
 .debug_macro   0x00000000      0x433 ./src/init.o
 .group         0x00000000        0x8 ./src/main.o
 .group         0x00000000        0x8 ./src/main.o
 .group         0x00000000        0x8 ./src/main.o
 .group         0x00000000        0x8 ./src/main.o
 .text          0x00000000        0x0 ./src/main.o
 .data          0x00000000        0x0 ./src/main.o
 .bss           0x00000000        0x0 ./src/main.o
 .crp           0x00000000        0x4 ./src/main.o
 .debug_macro   0x00000000      0x86e ./src/main.o
 .debug_macro   0x00000000      0x433 ./src/main.o
 .text          0x00000000        0x0 /usr/local/lpcxpresso_7.9.0_455/lpcxpresso/tools/bin/../lib/gcc/arm-none-eabi/4.9.3/../../../../arm-none-eabi/lib/armv7-m/libcr_c.a(__weak__main.o)
 .data          0x00000000        0x0 /usr/local/lpcxpresso_7.9.0_455/lpcxpresso/tools/bin/../lib/gcc/arm-none-eabi/4.9.3/../../../../arm-none-eabi/lib/armv7-m/libcr_c.a(__weak__main.o)
 .bss           0x00000000        0x0 /usr/local/lpcxpresso_7.9.0_455/lpcxpresso/tools/bin/../lib/gcc/arm-none-eabi/4.9.3/../../../../arm-none-eabi/lib/armv7-m/libcr_c.a(__weak__main.o)

Memory Configuration

Name             Origin             Length             Attributes
MFlash512        0x00000000         0x00080000         xr
RamLoc32         0x10000000         0x00008000         xrw
RamAHB32         0x2007c000         0x00008000         xrw
*default*        0x00000000         0xffffffff

Linker script and memory map

LOAD ./src/UART0.o
LOAD ./src/adc.o
LOAD ./src/cr_startup_lpc176x.o
LOAD ./src/gpio.o
LOAD ./src/init.o
LOAD ./src/main.o
START GROUP
LOAD /usr/local/lpcxpresso_7.9.0_455/lpcxpresso/tools/bin/../lib/gcc/arm-none-eabi/4.9.3/../../../../arm-none-eabi/lib/armv7-m/libcr_c.a
LOAD /usr/local/lpcxpresso_7.9.0_455/lpcxpresso/tools/bin/../lib/gcc/arm-none-eabi/4.9.3/armv7-m/libcr_eabihelpers.a
END GROUP
                0x00080000                __top_MFlash512 = 0x80000
                0x00080000                __top_Flash = 0x80000
                0x10008000                __top_RamLoc32 = 0x10008000
                0x10008000                __top_RAM = 0x10008000
                0x20084000                __top_RamAHB32 = 0x20084000
                0x20084000                __top_RAM2 = 0x20084000

.text           0x00000000      0x9e8
 FILL mask 0xff
                0x00000000                __vectors_start__ = ABSOLUTE (.)
 *(.isr_vector)
 .isr_vector    0x00000000       0xcc ./src/cr_startup_lpc176x.o
                0x00000000                g_pfnVectors
                0x000000cc                . = ALIGN (0x4)
                0x000000cc                __section_table_start = .
                0x000000cc                __data_section_table = .
                0x000000cc        0x4 LONG 0x9e8 LOADADDR (.data)
                0x000000d0        0x4 LONG 0x10000000 ADDR (.data)
                0x000000d4        0x4 LONG 0x0 SIZEOF (.data)
                0x000000d8        0x4 LONG 0x9e8 LOADADDR (.data_RAM2)
                0x000000dc        0x4 LONG 0x2007c000 ADDR (.data_RAM2)
                0x000000e0        0x4 LONG 0x0 SIZEOF (.data_RAM2)
                0x000000e4                __data_section_table_end = .
                0x000000e4                __bss_section_table = .
                0x000000e4        0x4 LONG 0x10000000 ADDR (.bss)
                0x000000e8        0x4 LONG 0x68 SIZEOF (.bss)
                0x000000ec        0x4 LONG 0x2007c000 ADDR (.bss_RAM2)
                0x000000f0        0x4 LONG 0x0 SIZEOF (.bss_RAM2)
                0x000000f4                __bss_section_table_end = .
                0x000000f4                __section_table_end = .
 *(.after_vectors*)
 .after_vectors
                0x000000f4       0x7c ./src/cr_startup_lpc176x.o
                0x000000f4                NMI_Handler
                0x000000f6                HardFault_Handler
                0x000000f8                MemManage_Handler
                0x000000fa                BusFault_Handler
                0x000000fc                UsageFault_Handler
                0x000000fe                SVC_Handler
                0x00000100                DebugMon_Handler
                0x00000102                PendSV_Handler
                0x00000104                SysTick_Handler
                0x00000106                TIMER2_IRQHandler
                0x00000106                RIT_IRQHandler
                0x00000106                I2C0_IRQHandler
                0x00000106                USBActivity_IRQHandler
                0x00000106                PWM1_IRQHandler
                0x00000106                I2C1_IRQHandler
                0x00000106                EINT2_IRQHandler
                0x00000106                UART1_IRQHandler
                0x00000106                EINT3_IRQHandler
                0x00000106                CANActivity_IRQHandler
                0x00000106                TIMER3_IRQHandler
                0x00000106                IntDefaultHandler
                0x00000106                PLL0_IRQHandler
                0x00000106                CAN_IRQHandler
                0x00000106                PLL1_IRQHandler
                0x00000106                SSP0_IRQHandler
                0x00000106                I2S_IRQHandler
                0x00000106                I2C2_IRQHandler
                0x00000106                RTC_IRQHandler
                0x00000106                TIMER0_IRQHandler
                0x00000106                SPI_IRQHandler
                0x00000106                EINT1_IRQHandler
                0x00000106                TIMER1_IRQHandler
                0x00000106                UART2_IRQHandler
                0x00000106                SSP1_IRQHandler
                0x00000106                USB_IRQHandler
                0x00000106                BOD_IRQHandler
                0x00000106                WDT_IRQHandler
                0x00000106                QEI_IRQHandler
                0x00000106                EINT0_IRQHandler
                0x00000106                DMA_IRQHandler
                0x00000106                UART3_IRQHandler
                0x00000106                MCPWM_IRQHandler
                0x00000106                ENET_IRQHandler
                0x00000108                data_init
                0x0000011e                bss_init
                0x00000130                ResetISR
 *(.text*)
 .text.UART0_IRQHandler
                0x00000170       0x6c ./src/UART0.o
                0x00000170                UART0_IRQHandler
 .text.ADC_IRQHandler
                0x000001dc       0x80 ./src/adc.o
                0x000001dc                ADC_IRQHandler
 .text.start_adc
                0x0000025c       0x28 ./src/adc.o
                0x0000025c                start_adc
 .text.SetPINSEL
                0x00000284      0x25c ./src/gpio.o
                0x00000284                SetPINSEL
 .text.SetDIR   0x000004e0       0x48 ./src/gpio.o
                0x000004e0                SetDIR
 .text.init     0x00000528       0x1c ./src/init.o
                0x00000528                init
 .text.Init_ADC
                0x00000544       0x9c ./src/init.o
                0x00000544                Init_ADC
 .text.Init_DAC
                0x000005e0       0x28 ./src/init.o
                0x000005e0                Init_DAC
 .text.Init_pines
                0x00000608       0xcc ./src/init.o
                0x00000608                Init_pines
 .text.Init_PLL
                0x000006d4      0x140 ./src/init.o
                0x000006d4                Init_PLL
 .text.Init_UART0
                0x00000814       0x90 ./src/init.o
                0x00000814                Init_UART0
 .text.main     0x000008a4       0x14 ./src/main.o
                0x000008a4                main
 .text.Mensajes
                0x000008b8       0xa4 ./src/main.o
                0x000008b8                Mensajes
 .text.Aumentar_sampling
                0x0000095c       0x44 ./src/main.o
                0x0000095c                Aumentar_sampling
 .text.Bajar_sampling
                0x000009a0       0x44 ./src/main.o
                0x000009a0                Bajar_sampling
 .text.__weak_main
                0x000009e4        0x4 /usr/local/lpcxpresso_7.9.0_455/lpcxpresso/tools/bin/../lib/gcc/arm-none-eabi/4.9.3/../../../../arm-none-eabi/lib/armv7-m/libcr_c.a(__weak__main.o)
                0x000009e4                __main
                0x000009e4                __weak_main
 *(.rodata .rodata.* .constdata .constdata.*)
                0x000009e8                . = ALIGN (0x4)

.glue_7         0x000009e8        0x0
 .glue_7        0x00000000        0x0 linker stubs

.glue_7t        0x000009e8        0x0
 .glue_7t       0x00000000        0x0 linker stubs

.vfp11_veneer   0x000009e8        0x0
 .vfp11_veneer  0x00000000        0x0 linker stubs

.v4_bx          0x000009e8        0x0
 .v4_bx         0x00000000        0x0 linker stubs

.iplt           0x000009e8        0x0
 .iplt          0x00000000        0x0 ./src/UART0.o

.rel.dyn        0x000009e8        0x0
 .rel.iplt      0x00000000        0x0 ./src/UART0.o

.ARM.extab
 *(.ARM.extab* .gnu.linkonce.armextab.*)
                0x000009e8                __exidx_start = .

.ARM.exidx
 *(.ARM.exidx* .gnu.linkonce.armexidx.*)
                0x000009e8                __exidx_end = .
                0x000009e8                _etext = .

.data_RAM2      0x2007c000        0x0 load address 0x000009e8
 FILL mask 0xff
                0x2007c000                PROVIDE (__start_data_RAM2, .)
 *(.ramfunc.$RAM2)
 *(.ramfunc.$RamAHB32)
 *(.data.$RAM2*)
 *(.data.$RamAHB32*)
                0x2007c000                . = ALIGN (0x4)
                0x2007c000                PROVIDE (__end_data_RAM2, .)

.uninit_RESERVED
                0x10000000        0x0
 *(.bss.$RESERVED*)
                0x10000000                . = ALIGN (0x4)
                0x10000000                _end_uninit_RESERVED = .

.data           0x10000000        0x0 load address 0x000009e8
 FILL mask 0xff
                0x10000000                _data = .
 *(vtable)
 *(.ramfunc*)
 *(.data*)
                0x10000000                . = ALIGN (0x4)
                0x10000000                _edata = .

.igot.plt       0x10000000        0x0 load address 0x000009e8
 .igot.plt      0x00000000        0x0 ./src/UART0.o

.bss_RAM2       0x2007c000        0x0
                0x2007c000                PROVIDE (__start_bss_RAM2, .)
 *(.bss.$RAM2*)
 *(.bss.$RamAHB32*)
                0x2007c000                . = ALIGN ((. != 0x0)?0x4:0x1)
                0x2007c000                PROVIDE (__end_bss_RAM2, .)

.bss            0x10000000       0x68
                0x10000000                _bss = .
 *(.bss*)
 .bss.clk_div   0x10000000        0x1 ./src/main.o
                0x10000000                clk_div
 .bss.rx_out    0x10000001        0x1 ./src/main.o
                0x10000001                rx_out
 .bss.rx_in     0x10000002        0x1 ./src/main.o
                0x10000002                rx_in
 *(COMMON)
 *fill*         0x10000003        0x1 
 COMMON         0x10000004       0x64 ./src/main.o
                0x10000004                bufferRX
                0x10000068                . = ALIGN (0x4)
                0x10000068                _ebss = .
                0x10000068                PROVIDE (end, .)

.noinit_RAM2    0x2007c000        0x0
 *(.noinit.$RAM2*)
 *(.noinit.$RamAHB32*)
                0x2007c000                . = ALIGN (0x4)

.noinit         0x10000068        0x0
                0x10000068                _noinit = .
 *(.noinit*)
                0x10000068                . = ALIGN (0x4)
                0x10000068                _end_noinit = .
                0x10000068                PROVIDE (_pvHeapStart, DEFINED (__user_heap_base)?__user_heap_base:.)
                0x10008000                PROVIDE (_vStackTop, DEFINED (__user_stack_top)?__user_stack_top:(__top_RamLoc32 - 0x0))
                0xefff79f2                PROVIDE (__valid_user_code_checksum, (0x0 - ((((((_vStackTop + (ResetISR + 0x1)) + (NMI_Handler + 0x1)) + (HardFault_Handler + 0x1)) + (DEFINED (MemManage_Handler)?MemManage_Handler:0x0 + 0x1)) + (DEFINED (BusFault_Handler)?BusFault_Handler:0x0 + 0x1)) + (DEFINED (UsageFault_Handler)?UsageFault_Handler:0x0 + 0x1))))
OUTPUT(ADC_BURST.axf elf32-littlearm)

.debug_info     0x00000000      0x6f4
 .debug_info    0x00000000       0x9f ./src/UART0.o
 .debug_info    0x0000009f       0x9f ./src/adc.o
 .debug_info    0x0000013e      0x26f ./src/cr_startup_lpc176x.o
 .debug_info    0x000003ad      0x156 ./src/gpio.o
 .debug_info    0x00000503       0xb9 ./src/init.o
 .debug_info    0x000005bc      0x138 ./src/main.o

.debug_abbrev   0x00000000      0x3e1
 .debug_abbrev  0x00000000       0x7b ./src/UART0.o
 .debug_abbrev  0x0000007b       0x89 ./src/adc.o
 .debug_abbrev  0x00000104      0x120 ./src/cr_startup_lpc176x.o
 .debug_abbrev  0x00000224       0x91 ./src/gpio.o
 .debug_abbrev  0x000002b5       0x66 ./src/init.o
 .debug_abbrev  0x0000031b       0xc6 ./src/main.o

.debug_aranges  0x00000000      0x180
 .debug_aranges
                0x00000000       0x20 ./src/UART0.o
 .debug_aranges
                0x00000020       0x28 ./src/adc.o
 .debug_aranges
                0x00000048       0x80 ./src/cr_startup_lpc176x.o
 .debug_aranges
                0x000000c8       0x38 ./src/gpio.o
 .debug_aranges
                0x00000100       0x48 ./src/init.o
 .debug_aranges
                0x00000148       0x38 ./src/main.o

.debug_ranges   0x00000000      0x120
 .debug_ranges  0x00000000       0x10 ./src/UART0.o
 .debug_ranges  0x00000010       0x18 ./src/adc.o
 .debug_ranges  0x00000028       0x70 ./src/cr_startup_lpc176x.o
 .debug_ranges  0x00000098       0x28 ./src/gpio.o
 .debug_ranges  0x000000c0       0x38 ./src/init.o
 .debug_ranges  0x000000f8       0x28 ./src/main.o

.debug_macro    0x00000000     0x167c
 .debug_macro   0x00000000       0x1a ./src/UART0.o
 .debug_macro   0x0000001a      0x86e ./src/UART0.o
 .debug_macro   0x00000888      0x433 ./src/UART0.o
 .debug_macro   0x00000cbb       0x1a ./src/adc.o
 .debug_macro   0x00000cd5       0x1d ./src/cr_startup_lpc176x.o
 .debug_macro   0x00000cf2      0x874 ./src/cr_startup_lpc176x.o
 .debug_macro   0x00001566       0x1a ./src/gpio.o
 .debug_macro   0x00001580       0x1a ./src/init.o
 .debug_macro   0x0000159a       0x2c ./src/main.o
 .debug_macro   0x000015c6       0x82 ./src/main.o
 .debug_macro   0x00001648       0x34 ./src/main.o

.debug_line     0x00000000      0x5d6
 .debug_line    0x00000000       0x93 ./src/UART0.o
 .debug_line    0x00000093       0xad ./src/adc.o
 .debug_line    0x00000140       0xbc ./src/cr_startup_lpc176x.o
 .debug_line    0x000001fc      0x104 ./src/gpio.o
 .debug_line    0x00000300      0x14f ./src/init.o
 .debug_line    0x0000044f      0x187 ./src/main.o

.debug_str      0x00000000     0x3c1c
 .debug_str     0x00000000     0x335a ./src/UART0.o
                               0x3375 (size before relaxing)
 .debug_str     0x0000335a       0x2f ./src/adc.o
                               0x336d (size before relaxing)
 .debug_str     0x00003389      0x296 ./src/cr_startup_lpc176x.o
                               0x2642 (size before relaxing)
 .debug_str     0x0000361f       0x4a ./src/gpio.o
                               0x3390 (size before relaxing)
 .debug_str     0x00003669       0x3f ./src/init.o
                               0x3382 (size before relaxing)
 .debug_str     0x000036a8      0x574 ./src/main.o
                               0x38dc (size before relaxing)

.comment        0x00000000       0xe0
 .comment       0x00000000       0x70 ./src/UART0.o
                                 0x71 (size before relaxing)
 .comment       0x00000000       0x71 ./src/adc.o
 .comment       0x00000000       0x71 ./src/cr_startup_lpc176x.o
 .comment       0x00000000       0x71 ./src/gpio.o
 .comment       0x00000000       0x71 ./src/init.o
 .comment       0x00000000       0x71 ./src/main.o
 .comment       0x00000070       0x70 /usr/local/lpcxpresso_7.9.0_455/lpcxpresso/tools/bin/../lib/gcc/arm-none-eabi/4.9.3/../../../../arm-none-eabi/lib/armv7-m/libcr_c.a(__weak__main.o)
                                 0x71 (size before relaxing)

.ARM.attributes
                0x00000000       0x33
 .ARM.attributes
                0x00000000       0x33 ./src/UART0.o
 .ARM.attributes
                0x00000033       0x33 ./src/adc.o
 .ARM.attributes
                0x00000066       0x33 ./src/cr_startup_lpc176x.o
 .ARM.attributes
                0x00000099       0x33 ./src/gpio.o
 .ARM.attributes
                0x000000cc       0x33 ./src/init.o
 .ARM.attributes
                0x000000ff       0x33 ./src/main.o
 .ARM.attributes
                0x00000132       0x33 /usr/local/lpcxpresso_7.9.0_455/lpcxpresso/tools/bin/../lib/gcc/arm-none-eabi/4.9.3/../../../../arm-none-eabi/lib/armv7-m/libcr_c.a(__weak__main.o)

.debug_frame    0x00000000      0x384
 .debug_frame   0x00000000       0x38 ./src/UART0.o
 .debug_frame   0x00000038       0x58 ./src/adc.o
 .debug_frame   0x00000090       0xf0 ./src/cr_startup_lpc176x.o
 .debug_frame   0x00000180       0xb0 ./src/gpio.o
 .debug_frame   0x00000230       0xc4 ./src/init.o
 .debug_frame   0x000002f4       0x90 ./src/main.o

.debug_loc      0x00000000      0x1be
 .debug_loc     0x00000000      0x1be ./src/cr_startup_lpc176x.o
