Archive member included because of file (symbol)

/usr/local/lpcxpresso_7.7.2_379/lpcxpresso/tools/bin/../lib/gcc/arm-none-eabi/4.9.3/../../../../arm-none-eabi/lib/armv7-m/libcr_c.a(__weak__main.o)
                              ./src/cr_startup_lpc176x.o (__main)

Allocating common symbols
Common symbol       size              file

estadoLED           0x1               ./src/gpio.o

Discarded input sections

 .group         0x00000000        0x8 ./src/cr_startup_lpc176x.o
 .text          0x00000000        0x0 ./src/cr_startup_lpc176x.o
 .data          0x00000000        0x0 ./src/cr_startup_lpc176x.o
 .bss           0x00000000        0x0 ./src/cr_startup_lpc176x.o
 .group         0x00000000        0x8 ./src/extint.o
 .group         0x00000000        0x8 ./src/extint.o
 .text          0x00000000        0x0 ./src/extint.o
 .data          0x00000000        0x0 ./src/extint.o
 .bss           0x00000000        0x0 ./src/extint.o
 .group         0x00000000        0x8 ./src/gpio.o
 .group         0x00000000        0x8 ./src/gpio.o
 .text          0x00000000        0x0 ./src/gpio.o
 .data          0x00000000        0x0 ./src/gpio.o
 .bss           0x00000000        0x0 ./src/gpio.o
 .text.GetPIN   0x00000000       0x2c ./src/gpio.o
 .debug_macro   0x00000000      0x86e ./src/gpio.o
 .debug_macro   0x00000000      0x1ea ./src/gpio.o
 .group         0x00000000        0x8 ./src/init.o
 .group         0x00000000        0x8 ./src/init.o
 .text          0x00000000        0x0 ./src/init.o
 .data          0x00000000        0x0 ./src/init.o
 .bss           0x00000000        0x0 ./src/init.o
 .text.Init_PLL
                0x00000000      0x140 ./src/init.o
 .debug_macro   0x00000000      0x86e ./src/init.o
 .debug_macro   0x00000000      0x1ea ./src/init.o
 .group         0x00000000        0x8 ./src/main.o
 .group         0x00000000        0x8 ./src/main.o
 .group         0x00000000        0x8 ./src/main.o
 .group         0x00000000        0x8 ./src/main.o
 .text          0x00000000        0x0 ./src/main.o
 .data          0x00000000        0x0 ./src/main.o
 .bss           0x00000000        0x0 ./src/main.o
 .debug_macro   0x00000000      0x86e ./src/main.o
 .debug_macro   0x00000000      0x1ea ./src/main.o
 .group         0x00000000        0x8 ./src/systick.o
 .group         0x00000000        0x8 ./src/systick.o
 .text          0x00000000        0x0 ./src/systick.o
 .data          0x00000000        0x0 ./src/systick.o
 .bss           0x00000000        0x0 ./src/systick.o
 .debug_macro   0x00000000      0x86e ./src/systick.o
 .debug_macro   0x00000000      0x1ea ./src/systick.o
 .text          0x00000000        0x0 /usr/local/lpcxpresso_7.7.2_379/lpcxpresso/tools/bin/../lib/gcc/arm-none-eabi/4.9.3/../../../../arm-none-eabi/lib/armv7-m/libcr_c.a(__weak__main.o)
 .data          0x00000000        0x0 /usr/local/lpcxpresso_7.7.2_379/lpcxpresso/tools/bin/../lib/gcc/arm-none-eabi/4.9.3/../../../../arm-none-eabi/lib/armv7-m/libcr_c.a(__weak__main.o)
 .bss           0x00000000        0x0 /usr/local/lpcxpresso_7.7.2_379/lpcxpresso/tools/bin/../lib/gcc/arm-none-eabi/4.9.3/../../../../arm-none-eabi/lib/armv7-m/libcr_c.a(__weak__main.o)

Memory Configuration

Name             Origin             Length             Attributes
MFlash512        0x00000000         0x00080000         xr
RamLoc32         0x10000000         0x00008000         xrw
RamAHB32         0x2007c000         0x00008000         xrw
*default*        0x00000000         0xffffffff

Linker script and memory map

LOAD ./src/cr_startup_lpc176x.o
LOAD ./src/extint.o
LOAD ./src/gpio.o
LOAD ./src/init.o
LOAD ./src/main.o
LOAD ./src/systick.o
START GROUP
LOAD /usr/local/lpcxpresso_7.7.2_379/lpcxpresso/tools/bin/../lib/gcc/arm-none-eabi/4.9.3/../../../../arm-none-eabi/lib/armv7-m/libcr_c.a
LOAD /usr/local/lpcxpresso_7.7.2_379/lpcxpresso/tools/bin/../lib/gcc/arm-none-eabi/4.9.3/armv7-m/libcr_eabihelpers.a
END GROUP
                0x00080000                __top_MFlash512 = 0x80000
                0x10008000                __top_RamLoc32 = 0x10008000
                0x20084000                __top_RamAHB32 = 0x20084000

.text           0x00000000      0x614
 FILL mask 0xff
                0x00000000                __vectors_start__ = ABSOLUTE (.)
 *(.isr_vector)
 .isr_vector    0x00000000       0xcc ./src/cr_startup_lpc176x.o
                0x00000000                g_pfnVectors
                0x000000cc                . = ALIGN (0x4)
                0x000000cc                __section_table_start = .
                0x000000cc                __data_section_table = .
                0x000000cc        0x4 LONG 0x614 LOADADDR (.data)
                0x000000d0        0x4 LONG 0x10000000 ADDR (.data)
                0x000000d4        0x4 LONG 0x4 SIZEOF (.data)
                0x000000d8        0x4 LONG 0x614 LOADADDR (.data_RAM2)
                0x000000dc        0x4 LONG 0x2007c000 ADDR (.data_RAM2)
                0x000000e0        0x4 LONG 0x0 SIZEOF (.data_RAM2)
                0x000000e4                __data_section_table_end = .
                0x000000e4                __bss_section_table = .
                0x000000e4        0x4 LONG 0x10000004 ADDR (.bss)
                0x000000e8        0x4 LONG 0x4 SIZEOF (.bss)
                0x000000ec        0x4 LONG 0x2007c000 ADDR (.bss_RAM2)
                0x000000f0        0x4 LONG 0x0 SIZEOF (.bss_RAM2)
                0x000000f4                __bss_section_table_end = .
                0x000000f4                __section_table_end = .
 *(.after_vectors*)
 .after_vectors
                0x000000f4       0x7c ./src/cr_startup_lpc176x.o
                0x000000f4                NMI_Handler
                0x000000f6                HardFault_Handler
                0x000000f8                MemManage_Handler
                0x000000fa                BusFault_Handler
                0x000000fc                UsageFault_Handler
                0x000000fe                SVC_Handler
                0x00000100                DebugMon_Handler
                0x00000102                PendSV_Handler
                0x00000106                TIMER2_IRQHandler
                0x00000106                RIT_IRQHandler
                0x00000106                I2C0_IRQHandler
                0x00000106                USBActivity_IRQHandler
                0x00000106                PWM1_IRQHandler
                0x00000106                I2C1_IRQHandler
                0x00000106                EINT2_IRQHandler
                0x00000106                UART1_IRQHandler
                0x00000106                CANActivity_IRQHandler
                0x00000106                TIMER3_IRQHandler
                0x00000106                UART0_IRQHandler
                0x00000106                IntDefaultHandler
                0x00000106                PLL0_IRQHandler
                0x00000106                CAN_IRQHandler
                0x00000106                PLL1_IRQHandler
                0x00000106                SSP0_IRQHandler
                0x00000106                I2S_IRQHandler
                0x00000106                I2C2_IRQHandler
                0x00000106                RTC_IRQHandler
                0x00000106                TIMER0_IRQHandler
                0x00000106                SPI_IRQHandler
                0x00000106                EINT1_IRQHandler
                0x00000106                TIMER1_IRQHandler
                0x00000106                UART2_IRQHandler
                0x00000106                ADC_IRQHandler
                0x00000106                SSP1_IRQHandler
                0x00000106                USB_IRQHandler
                0x00000106                BOD_IRQHandler
                0x00000106                WDT_IRQHandler
                0x00000106                QEI_IRQHandler
                0x00000106                DMA_IRQHandler
                0x00000106                UART3_IRQHandler
                0x00000106                MCPWM_IRQHandler
                0x00000106                ENET_IRQHandler
                0x00000108                data_init
                0x0000011e                bss_init
                0x00000130                ResetISR
 *(.text*)
 .text.EINT0_IRQHandler
                0x00000170       0x20 ./src/extint.o
                0x00000170                EINT0_IRQHandler
 .text.EINT3_IRQHandler
                0x00000190       0x20 ./src/extint.o
                0x00000190                EINT3_IRQHandler
 .text.SetPINSEL
                0x000001b0      0x25c ./src/gpio.o
                0x000001b0                SetPINSEL
 .text.SetDIR   0x0000040c       0x48 ./src/gpio.o
                0x0000040c                SetDIR
 .text.SetPIN   0x00000454       0x50 ./src/gpio.o
                0x00000454                SetPIN
 .text.init     0x000004a4       0x14 ./src/init.o
                0x000004a4                init
 .text.Init_IntExt
                0x000004b8       0x58 ./src/init.o
                0x000004b8                Init_IntExt
 .text.Init_gpios
                0x00000510       0x50 ./src/init.o
                0x00000510                Init_gpios
 .text.Init_systick
                0x00000560       0x30 ./src/init.o
                0x00000560                Init_systick
 .text.main     0x00000590       0x30 ./src/main.o
                0x00000590                main
 .text.SysTick_Handler
                0x000005c0       0x50 ./src/systick.o
                0x000005c0                SysTick_Handler
 .text.__weak_main
                0x00000610        0x4 /usr/local/lpcxpresso_7.7.2_379/lpcxpresso/tools/bin/../lib/gcc/arm-none-eabi/4.9.3/../../../../arm-none-eabi/lib/armv7-m/libcr_c.a(__weak__main.o)
                0x00000610                __main
                0x00000610                __weak_main
 *(.rodata .rodata.* .constdata .constdata.*)
                0x00000614                . = ALIGN (0x4)

.glue_7         0x00000614        0x0
 .glue_7        0x00000000        0x0 linker stubs

.glue_7t        0x00000614        0x0
 .glue_7t       0x00000000        0x0 linker stubs

.vfp11_veneer   0x00000614        0x0
 .vfp11_veneer  0x00000000        0x0 linker stubs

.v4_bx          0x00000614        0x0
 .v4_bx         0x00000000        0x0 linker stubs

.iplt           0x00000614        0x0
 .iplt          0x00000000        0x0 ./src/cr_startup_lpc176x.o

.rel.dyn        0x00000614        0x0
 .rel.iplt      0x00000000        0x0 ./src/cr_startup_lpc176x.o

.ARM.extab
 *(.ARM.extab* .gnu.linkonce.armextab.*)
                0x00000614                __exidx_start = .

.ARM.exidx
 *(.ARM.exidx* .gnu.linkonce.armexidx.*)
                0x00000614                __exidx_end = .
                0x00000614                _etext = .

.data_RAM2      0x2007c000        0x0 load address 0x00000614
 FILL mask 0xff
                0x2007c000                PROVIDE (__start_data_RAM2, .)
 *(.ramfunc.$RAM2)
 *(.ramfunc.$RamAHB32)
 *(.data.$RAM2*)
 *(.data.$RamAHB32*)
                0x2007c000                . = ALIGN (0x4)
                0x2007c000                PROVIDE (__end_data_RAM2, .)

.uninit_RESERVED
                0x10000000        0x0
 *(.bss.$RESERVED*)
                0x10000000                . = ALIGN (0x4)
                0x10000000                _end_uninit_RESERVED = .

.data           0x10000000        0x4 load address 0x00000614
 FILL mask 0xff
                0x10000000                _data = .
 *(vtable)
 *(.ramfunc*)
 *(.data*)
 .data.modoLED  0x10000000        0x1 ./src/extint.o
                0x10000000                modoLED
 .data.contLED.3662
                0x10000001        0x1 ./src/systick.o
                0x10000004                . = ALIGN (0x4)
 *fill*         0x10000002        0x2 ff
                0x10000004                _edata = .

.igot.plt       0x10000004        0x0 load address 0x00000618
 .igot.plt      0x00000000        0x0 ./src/cr_startup_lpc176x.o

.bss_RAM2       0x2007c000        0x0
                0x2007c000                PROVIDE (__start_bss_RAM2, .)
 *(.bss.$RAM2*)
 *(.bss.$RamAHB32*)
                0x2007c000                . = ALIGN (0x4)
                0x2007c000                PROVIDE (__end_bss_RAM2, .)

.bss            0x10000004        0x4
                0x10000004                _bss = .
 *(.bss*)
 *(COMMON)
 COMMON         0x10000004        0x1 ./src/gpio.o
                0x10000004                estadoLED
                0x10000008                . = ALIGN (0x4)
 *fill*         0x10000005        0x3 
                0x10000008                _ebss = .
                0x10000008                PROVIDE (end, .)

.noinit_RAM2    0x2007c000        0x0
 *(.noinit.$RAM2*)
 *(.noinit.$RamAHB32*)
                0x2007c000                . = ALIGN (0x4)

.noinit         0x10000008        0x0
                0x10000008                _noinit = .
 *(.noinit*)
                0x10000008                . = ALIGN (0x4)
                0x10000008                _end_noinit = .
                0x10000008                PROVIDE (_pvHeapStart, DEFINED (__user_heap_base)?__user_heap_base:.)
                0x10008000                PROVIDE (_vStackTop, DEFINED (__user_stack_top)?__user_stack_top:(__top_RamLoc32 - 0x0))
OUTPUT(systick_con_intext.axf elf32-littlearm)

.debug_info     0x00000000      0x618
 .debug_info    0x00000000      0x26f ./src/cr_startup_lpc176x.o
 .debug_info    0x0000026f       0x91 ./src/extint.o
 .debug_info    0x00000300      0x16b ./src/gpio.o
 .debug_info    0x0000046b       0xa8 ./src/init.o
 .debug_info    0x00000513       0x85 ./src/main.o
 .debug_info    0x00000598       0x80 ./src/systick.o

.debug_abbrev   0x00000000      0x35e
 .debug_abbrev  0x00000000      0x120 ./src/cr_startup_lpc176x.o
 .debug_abbrev  0x00000120       0x5f ./src/extint.o
 .debug_abbrev  0x0000017f       0xa4 ./src/gpio.o
 .debug_abbrev  0x00000223       0x66 ./src/init.o
 .debug_abbrev  0x00000289       0x6c ./src/main.o
 .debug_abbrev  0x000002f5       0x69 ./src/systick.o

.debug_loc      0x00000000      0x1be
 .debug_loc     0x00000000      0x1be ./src/cr_startup_lpc176x.o

.debug_aranges  0x00000000      0x160
 .debug_aranges
                0x00000000       0x80 ./src/cr_startup_lpc176x.o
 .debug_aranges
                0x00000080       0x28 ./src/extint.o
 .debug_aranges
                0x000000a8       0x38 ./src/gpio.o
 .debug_aranges
                0x000000e0       0x40 ./src/init.o
 .debug_aranges
                0x00000120       0x20 ./src/main.o
 .debug_aranges
                0x00000140       0x20 ./src/systick.o

.debug_ranges   0x00000000      0x100
 .debug_ranges  0x00000000       0x70 ./src/cr_startup_lpc176x.o
 .debug_ranges  0x00000070       0x18 ./src/extint.o
 .debug_ranges  0x00000088       0x28 ./src/gpio.o
 .debug_ranges  0x000000b0       0x30 ./src/init.o
 .debug_ranges  0x000000e0       0x10 ./src/main.o
 .debug_ranges  0x000000f0       0x10 ./src/systick.o

.debug_macro    0x00000000     0x1433
 .debug_macro   0x00000000       0x1d ./src/cr_startup_lpc176x.o
 .debug_macro   0x0000001d      0x874 ./src/cr_startup_lpc176x.o
 .debug_macro   0x00000891       0x1a ./src/extint.o
 .debug_macro   0x000008ab      0x86e ./src/extint.o
 .debug_macro   0x00001119      0x1ea ./src/extint.o
 .debug_macro   0x00001303       0x1a ./src/gpio.o
 .debug_macro   0x0000131d       0x1a ./src/init.o
 .debug_macro   0x00001337       0x2c ./src/main.o
 .debug_macro   0x00001363       0x82 ./src/main.o
 .debug_macro   0x000013e5       0x34 ./src/main.o
 .debug_macro   0x00001419       0x1a ./src/systick.o

.debug_line     0x00000000      0x56f
 .debug_line    0x00000000       0xbc ./src/cr_startup_lpc176x.o
 .debug_line    0x000000bc       0xa6 ./src/extint.o
 .debug_line    0x00000162      0x107 ./src/gpio.o
 .debug_line    0x00000269      0x126 ./src/init.o
 .debug_line    0x0000038f      0x142 ./src/main.o
 .debug_line    0x000004d1       0x9e ./src/systick.o

.debug_str      0x00000000     0x34ff
 .debug_str     0x00000000     0x2633 ./src/cr_startup_lpc176x.o
                               0x2646 (size before relaxing)
 .debug_str     0x00002633      0x8fa ./src/extint.o
                               0x2ca9 (size before relaxing)
 .debug_str     0x00002f2d       0x54 ./src/gpio.o
                               0x2cc3 (size before relaxing)
 .debug_str     0x00002f81       0x3b ./src/init.o
                               0x2ca7 (size before relaxing)
 .debug_str     0x00002fbc      0x52a ./src/main.o
                               0x31a8 (size before relaxing)
 .debug_str     0x000034e6       0x19 ./src/systick.o
                               0x2c98 (size before relaxing)

.comment        0x00000000       0x70
 .comment       0x00000000       0x70 ./src/cr_startup_lpc176x.o
                                 0x71 (size before relaxing)
 .comment       0x00000000       0x71 ./src/extint.o
 .comment       0x00000000       0x71 ./src/gpio.o
 .comment       0x00000000       0x71 ./src/init.o
 .comment       0x00000000       0x71 ./src/main.o
 .comment       0x00000000       0x71 ./src/systick.o
 .comment       0x00000000       0x71 /usr/local/lpcxpresso_7.7.2_379/lpcxpresso/tools/bin/../lib/gcc/arm-none-eabi/4.9.3/../../../../arm-none-eabi/lib/armv7-m/libcr_c.a(__weak__main.o)

.ARM.attributes
                0x00000000       0x33
 .ARM.attributes
                0x00000000       0x33 ./src/cr_startup_lpc176x.o
 .ARM.attributes
                0x00000033       0x33 ./src/extint.o
 .ARM.attributes
                0x00000066       0x33 ./src/gpio.o
 .ARM.attributes
                0x00000099       0x33 ./src/init.o
 .ARM.attributes
                0x000000cc       0x33 ./src/main.o
 .ARM.attributes
                0x000000ff       0x33 ./src/systick.o
 .ARM.attributes
                0x00000132       0x33 /usr/local/lpcxpresso_7.7.2_379/lpcxpresso/tools/bin/../lib/gcc/arm-none-eabi/4.9.3/../../../../arm-none-eabi/lib/armv7-m/libcr_c.a(__weak__main.o)

.debug_frame    0x00000000      0x2f0
 .debug_frame   0x00000000       0xf0 ./src/cr_startup_lpc176x.o
 .debug_frame   0x000000f0       0x50 ./src/extint.o
 .debug_frame   0x00000140       0xb0 ./src/gpio.o
 .debug_frame   0x000001f0       0xa4 ./src/init.o
 .debug_frame   0x00000294       0x2c ./src/main.o
 .debug_frame   0x000002c0       0x30 ./src/systick.o
