Archive member included because of file (symbol)

/usr/local/lpcxpresso_7.9.0_455/lpcxpresso/tools/bin/../lib/gcc/arm-none-eabi/4.9.3/../../../../arm-none-eabi/lib/armv7-m/libcr_semihost.a(_cr__main.o)
                              ./src/FW_Inicializaciones/cr_startup_lpc176x.o (__main)
/usr/local/lpcxpresso_7.9.0_455/lpcxpresso/tools/bin/../lib/gcc/arm-none-eabi/4.9.3/../../../../arm-none-eabi/lib/armv7-m/libcr_c.a(initio.o)
                              /usr/local/lpcxpresso_7.9.0_455/lpcxpresso/tools/bin/../lib/gcc/arm-none-eabi/4.9.3/../../../../arm-none-eabi/lib/armv7-m/libcr_semihost.a(_cr__main.o) (_initio)
/usr/local/lpcxpresso_7.9.0_455/lpcxpresso/tools/bin/../lib/gcc/arm-none-eabi/4.9.3/../../../../arm-none-eabi/lib/armv7-m/libcr_c.a(setvbuf.o)
                              /usr/local/lpcxpresso_7.9.0_455/lpcxpresso/tools/bin/../lib/gcc/arm-none-eabi/4.9.3/../../../../arm-none-eabi/lib/armv7-m/libcr_c.a(initio.o) (setvbuf)
/usr/local/lpcxpresso_7.9.0_455/lpcxpresso/tools/bin/../lib/gcc/arm-none-eabi/4.9.3/../../../../arm-none-eabi/lib/armv7-m/libcr_c.a(stdio.o)
                              /usr/local/lpcxpresso_7.9.0_455/lpcxpresso/tools/bin/../lib/gcc/arm-none-eabi/4.9.3/../../../../arm-none-eabi/lib/armv7-m/libcr_c.a(initio.o) (__Ciob)
/usr/local/lpcxpresso_7.9.0_455/lpcxpresso/tools/bin/../lib/gcc/arm-none-eabi/4.9.3/../../../../arm-none-eabi/lib/armv7-m/libcr_c.a(memset.o)
                              /usr/local/lpcxpresso_7.9.0_455/lpcxpresso/tools/bin/../lib/gcc/arm-none-eabi/4.9.3/../../../../arm-none-eabi/lib/armv7-m/libcr_c.a(initio.o) (memset)
/usr/local/lpcxpresso_7.9.0_455/lpcxpresso/tools/bin/../lib/gcc/arm-none-eabi/4.9.3/../../../../arm-none-eabi/lib/armv7-m/libcr_c.a(__fillbuf.o)
                              /usr/local/lpcxpresso_7.9.0_455/lpcxpresso/tools/bin/../lib/gcc/arm-none-eabi/4.9.3/../../../../arm-none-eabi/lib/armv7-m/libcr_c.a(stdio.o) (__filbuf)
/usr/local/lpcxpresso_7.9.0_455/lpcxpresso/tools/bin/../lib/gcc/arm-none-eabi/4.9.3/../../../../arm-none-eabi/lib/armv7-m/libcr_c.a(_deferredlazyseek.o)
                              /usr/local/lpcxpresso_7.9.0_455/lpcxpresso/tools/bin/../lib/gcc/arm-none-eabi/4.9.3/../../../../arm-none-eabi/lib/armv7-m/libcr_c.a(__fillbuf.o) (_deferredlazyseek)
/usr/local/lpcxpresso_7.9.0_455/lpcxpresso/tools/bin/../lib/gcc/arm-none-eabi/4.9.3/../../../../arm-none-eabi/lib/armv7-m/libcr_c.a(_fdopen.o)
                              /usr/local/lpcxpresso_7.9.0_455/lpcxpresso/tools/bin/../lib/gcc/arm-none-eabi/4.9.3/../../../../arm-none-eabi/lib/armv7-m/libcr_c.a(initio.o) (_fdopen)
/usr/local/lpcxpresso_7.9.0_455/lpcxpresso/tools/bin/../lib/gcc/arm-none-eabi/4.9.3/../../../../arm-none-eabi/lib/armv7-m/libcr_c.a(_fflush.o)
                              /usr/local/lpcxpresso_7.9.0_455/lpcxpresso/tools/bin/../lib/gcc/arm-none-eabi/4.9.3/../../../../arm-none-eabi/lib/armv7-m/libcr_c.a(__fillbuf.o) (_fflush)
/usr/local/lpcxpresso_7.9.0_455/lpcxpresso/tools/bin/../lib/gcc/arm-none-eabi/4.9.3/../../../../arm-none-eabi/lib/armv7-m/libcr_c.a(_writebuf.o)
                              /usr/local/lpcxpresso_7.9.0_455/lpcxpresso/tools/bin/../lib/gcc/arm-none-eabi/4.9.3/../../../../arm-none-eabi/lib/armv7-m/libcr_c.a(_deferredlazyseek.o) (_Cwritebuf)
/usr/local/lpcxpresso_7.9.0_455/lpcxpresso/tools/bin/../lib/gcc/arm-none-eabi/4.9.3/../../../../arm-none-eabi/lib/armv7-m/libcr_c.a(alloc.o)
                              /usr/local/lpcxpresso_7.9.0_455/lpcxpresso/tools/bin/../lib/gcc/arm-none-eabi/4.9.3/../../../../arm-none-eabi/lib/armv7-m/libcr_c.a(initio.o) (_Csys_alloc)
/usr/local/lpcxpresso_7.9.0_455/lpcxpresso/tools/bin/../lib/gcc/arm-none-eabi/4.9.3/../../../../arm-none-eabi/lib/armv7-m/libcr_c.a(fclose.o)
                              /usr/local/lpcxpresso_7.9.0_455/lpcxpresso/tools/bin/../lib/gcc/arm-none-eabi/4.9.3/../../../../arm-none-eabi/lib/armv7-m/libcr_c.a(initio.o) (fclose)
/usr/local/lpcxpresso_7.9.0_455/lpcxpresso/tools/bin/../lib/gcc/arm-none-eabi/4.9.3/../../../../arm-none-eabi/lib/armv7-m/libcr_c.a(fflush.o)
                              /usr/local/lpcxpresso_7.9.0_455/lpcxpresso/tools/bin/../lib/gcc/arm-none-eabi/4.9.3/../../../../arm-none-eabi/lib/armv7-m/libcr_c.a(fclose.o) (fflush)
/usr/local/lpcxpresso_7.9.0_455/lpcxpresso/tools/bin/../lib/gcc/arm-none-eabi/4.9.3/../../../../arm-none-eabi/lib/armv7-m/libcr_c.a(fseek.o)
                              /usr/local/lpcxpresso_7.9.0_455/lpcxpresso/tools/bin/../lib/gcc/arm-none-eabi/4.9.3/../../../../arm-none-eabi/lib/armv7-m/libcr_c.a(_deferredlazyseek.o) (fseek)
/usr/local/lpcxpresso_7.9.0_455/lpcxpresso/tools/bin/../lib/gcc/arm-none-eabi/4.9.3/../../../../arm-none-eabi/lib/armv7-m/libcr_c.a(ftell.o)
                              /usr/local/lpcxpresso_7.9.0_455/lpcxpresso/tools/bin/../lib/gcc/arm-none-eabi/4.9.3/../../../../arm-none-eabi/lib/armv7-m/libcr_c.a(fseek.o) (ftell)
/usr/local/lpcxpresso_7.9.0_455/lpcxpresso/tools/bin/../lib/gcc/arm-none-eabi/4.9.3/../../../../arm-none-eabi/lib/armv7-m/libcr_c.a(remove.o)
                              /usr/local/lpcxpresso_7.9.0_455/lpcxpresso/tools/bin/../lib/gcc/arm-none-eabi/4.9.3/../../../../arm-none-eabi/lib/armv7-m/libcr_c.a(fclose.o) (remove)
/usr/local/lpcxpresso_7.9.0_455/lpcxpresso/tools/bin/../lib/gcc/arm-none-eabi/4.9.3/../../../../arm-none-eabi/lib/armv7-m/libcr_c.a(strlen.o)
                              /usr/local/lpcxpresso_7.9.0_455/lpcxpresso/tools/bin/../lib/gcc/arm-none-eabi/4.9.3/../../../../arm-none-eabi/lib/armv7-m/libcr_c.a(remove.o) (strlen)
/usr/local/lpcxpresso_7.9.0_455/lpcxpresso/tools/bin/../lib/gcc/arm-none-eabi/4.9.3/../../../../arm-none-eabi/lib/armv7-m/libcr_c.a(memcpy.o)
                              /usr/local/lpcxpresso_7.9.0_455/lpcxpresso/tools/bin/../lib/gcc/arm-none-eabi/4.9.3/../../../../arm-none-eabi/lib/armv7-m/libcr_c.a(alloc.o) (memcpy)
/usr/local/lpcxpresso_7.9.0_455/lpcxpresso/tools/bin/../lib/gcc/arm-none-eabi/4.9.3/../../../../arm-none-eabi/lib/armv7-m/libcr_c.a(__init_alloc.o)
                              /usr/local/lpcxpresso_7.9.0_455/lpcxpresso/tools/bin/../lib/gcc/arm-none-eabi/4.9.3/../../../../arm-none-eabi/lib/armv7-m/libcr_c.a(alloc.o) (__heaps)
/usr/local/lpcxpresso_7.9.0_455/lpcxpresso/tools/bin/../lib/gcc/arm-none-eabi/4.9.3/../../../../arm-none-eabi/lib/armv7-m/libcr_c.a(_cr_sbrk.o)
                              /usr/local/lpcxpresso_7.9.0_455/lpcxpresso/tools/bin/../lib/gcc/arm-none-eabi/4.9.3/../../../../arm-none-eabi/lib/armv7-m/libcr_c.a(alloc.o) (_sbrk)
/usr/local/lpcxpresso_7.9.0_455/lpcxpresso/tools/bin/../lib/gcc/arm-none-eabi/4.9.3/../../../../arm-none-eabi/lib/armv7-m/libcr_c.a(_do_fflush.o)
                              /usr/local/lpcxpresso_7.9.0_455/lpcxpresso/tools/bin/../lib/gcc/arm-none-eabi/4.9.3/../../../../arm-none-eabi/lib/armv7-m/libcr_c.a(fflush.o) (_do_fflush)
/usr/local/lpcxpresso_7.9.0_455/lpcxpresso/tools/bin/../lib/gcc/arm-none-eabi/4.9.3/../../../../arm-none-eabi/lib/armv7-m/libcr_c.a(errno.o)
                              /usr/local/lpcxpresso_7.9.0_455/lpcxpresso/tools/bin/../lib/gcc/arm-none-eabi/4.9.3/../../../../arm-none-eabi/lib/armv7-m/libcr_c.a(ftell.o) (errno)
/usr/local/lpcxpresso_7.9.0_455/lpcxpresso/tools/bin/../lib/gcc/arm-none-eabi/4.9.3/../../../../arm-none-eabi/lib/armv7-m/libcr_c.a(_cr_check_heap.o)
                              /usr/local/lpcxpresso_7.9.0_455/lpcxpresso/tools/bin/../lib/gcc/arm-none-eabi/4.9.3/../../../../arm-none-eabi/lib/armv7-m/libcr_c.a(_cr_sbrk.o) (__check_heap_overflow)
/usr/local/lpcxpresso_7.9.0_455/lpcxpresso/tools/bin/../lib/gcc/arm-none-eabi/4.9.3/armv7-m/libcr_eabihelpers.a(memcpy.o)
                              /usr/local/lpcxpresso_7.9.0_455/lpcxpresso/tools/bin/../lib/gcc/arm-none-eabi/4.9.3/../../../../arm-none-eabi/lib/armv7-m/libcr_c.a(memcpy.o) (__aeabi_memcpy)
/usr/local/lpcxpresso_7.9.0_455/lpcxpresso/tools/bin/../lib/gcc/arm-none-eabi/4.9.3/../../../../arm-none-eabi/lib/armv7-m/libcr_semihost.a(__sys_appexit.o)
                              /usr/local/lpcxpresso_7.9.0_455/lpcxpresso/tools/bin/../lib/gcc/arm-none-eabi/4.9.3/../../../../arm-none-eabi/lib/armv7-m/libcr_c.a(alloc.o) (__sys_appexit)
/usr/local/lpcxpresso_7.9.0_455/lpcxpresso/tools/bin/../lib/gcc/arm-none-eabi/4.9.3/../../../../arm-none-eabi/lib/armv7-m/libcr_semihost.a(__sys_close.o)
                              /usr/local/lpcxpresso_7.9.0_455/lpcxpresso/tools/bin/../lib/gcc/arm-none-eabi/4.9.3/../../../../arm-none-eabi/lib/armv7-m/libcr_c.a(fclose.o) (__sys_close)
/usr/local/lpcxpresso_7.9.0_455/lpcxpresso/tools/bin/../lib/gcc/arm-none-eabi/4.9.3/../../../../arm-none-eabi/lib/armv7-m/libcr_semihost.a(__sys_flen.o)
                              /usr/local/lpcxpresso_7.9.0_455/lpcxpresso/tools/bin/../lib/gcc/arm-none-eabi/4.9.3/../../../../arm-none-eabi/lib/armv7-m/libcr_c.a(_writebuf.o) (__sys_flen)
/usr/local/lpcxpresso_7.9.0_455/lpcxpresso/tools/bin/../lib/gcc/arm-none-eabi/4.9.3/../../../../arm-none-eabi/lib/armv7-m/libcr_semihost.a(__sys_istty.o)
                              /usr/local/lpcxpresso_7.9.0_455/lpcxpresso/tools/bin/../lib/gcc/arm-none-eabi/4.9.3/../../../../arm-none-eabi/lib/armv7-m/libcr_c.a(_deferredlazyseek.o) (__sys_istty)
/usr/local/lpcxpresso_7.9.0_455/lpcxpresso/tools/bin/../lib/gcc/arm-none-eabi/4.9.3/../../../../arm-none-eabi/lib/armv7-m/libcr_semihost.a(__sys_read.o)
                              /usr/local/lpcxpresso_7.9.0_455/lpcxpresso/tools/bin/../lib/gcc/arm-none-eabi/4.9.3/../../../../arm-none-eabi/lib/armv7-m/libcr_c.a(__fillbuf.o) (__sys_read)
/usr/local/lpcxpresso_7.9.0_455/lpcxpresso/tools/bin/../lib/gcc/arm-none-eabi/4.9.3/../../../../arm-none-eabi/lib/armv7-m/libcr_semihost.a(__sys_readc.o)
                              /usr/local/lpcxpresso_7.9.0_455/lpcxpresso/tools/bin/../lib/gcc/arm-none-eabi/4.9.3/../../../../arm-none-eabi/lib/armv7-m/libcr_c.a(__fillbuf.o) (__sys_readc)
/usr/local/lpcxpresso_7.9.0_455/lpcxpresso/tools/bin/../lib/gcc/arm-none-eabi/4.9.3/../../../../arm-none-eabi/lib/armv7-m/libcr_semihost.a(__sys_remove.o)
                              /usr/local/lpcxpresso_7.9.0_455/lpcxpresso/tools/bin/../lib/gcc/arm-none-eabi/4.9.3/../../../../arm-none-eabi/lib/armv7-m/libcr_c.a(remove.o) (__sys_remove)
/usr/local/lpcxpresso_7.9.0_455/lpcxpresso/tools/bin/../lib/gcc/arm-none-eabi/4.9.3/../../../../arm-none-eabi/lib/armv7-m/libcr_semihost.a(__sys_rename.o)
                              /usr/local/lpcxpresso_7.9.0_455/lpcxpresso/tools/bin/../lib/gcc/arm-none-eabi/4.9.3/../../../../arm-none-eabi/lib/armv7-m/libcr_c.a(remove.o) (__sys_rename)
/usr/local/lpcxpresso_7.9.0_455/lpcxpresso/tools/bin/../lib/gcc/arm-none-eabi/4.9.3/../../../../arm-none-eabi/lib/armv7-m/libcr_semihost.a(__sys_seek.o)
                              /usr/local/lpcxpresso_7.9.0_455/lpcxpresso/tools/bin/../lib/gcc/arm-none-eabi/4.9.3/../../../../arm-none-eabi/lib/armv7-m/libcr_c.a(__fillbuf.o) (__sys_seek)
/usr/local/lpcxpresso_7.9.0_455/lpcxpresso/tools/bin/../lib/gcc/arm-none-eabi/4.9.3/../../../../arm-none-eabi/lib/armv7-m/libcr_semihost.a(__sys_tmpnam.o)
                              /usr/local/lpcxpresso_7.9.0_455/lpcxpresso/tools/bin/../lib/gcc/arm-none-eabi/4.9.3/../../../../arm-none-eabi/lib/armv7-m/libcr_c.a(fclose.o) (__sys_tmpnam)
/usr/local/lpcxpresso_7.9.0_455/lpcxpresso/tools/bin/../lib/gcc/arm-none-eabi/4.9.3/../../../../arm-none-eabi/lib/armv7-m/libcr_semihost.a(__sys_write.o)
                              /usr/local/lpcxpresso_7.9.0_455/lpcxpresso/tools/bin/../lib/gcc/arm-none-eabi/4.9.3/../../../../arm-none-eabi/lib/armv7-m/libcr_c.a(_writebuf.o) (__sys_write)

Allocating common symbols
Common symbol       size              file

_extra              0x4               /usr/local/lpcxpresso_7.9.0_455/lpcxpresso/tools/bin/../lib/gcc/arm-none-eabi/4.9.3/../../../../arm-none-eabi/lib/armv7-m/libcr_c.a(initio.o)
msgDisplay          0x6               ./src/main.o
__heaps             0x4               /usr/local/lpcxpresso_7.9.0_455/lpcxpresso/tools/bin/../lib/gcc/arm-none-eabi/4.9.3/../../../../arm-none-eabi/lib/armv7-m/libcr_c.a(__init_alloc.o)
__end_of_heap       0x4               /usr/local/lpcxpresso_7.9.0_455/lpcxpresso/tools/bin/../lib/gcc/arm-none-eabi/4.9.3/../../../../arm-none-eabi/lib/armv7-m/libcr_c.a(__init_alloc.o)
buffKey             0x1               ./src/main.o
__Ciob              0x140             /usr/local/lpcxpresso_7.9.0_455/lpcxpresso/tools/bin/../lib/gcc/arm-none-eabi/4.9.3/../../../../arm-none-eabi/lib/armv7-m/libcr_c.a(stdio.o)

Discarded input sections

 .group         0x00000000        0x8 ./src/inc/FW_InitExpansion2.o
 .group         0x00000000        0x8 ./src/inc/FW_InitExpansion2.o
 .group         0x00000000        0x8 ./src/inc/FW_InitExpansion2.o
 .group         0x00000000        0x8 ./src/inc/FW_InitExpansion2.o
 .group         0x00000000        0x8 ./src/inc/FW_InitExpansion2.o
 .group         0x00000000        0x8 ./src/inc/FW_InitExpansion2.o
 .group         0x00000000        0x8 ./src/inc/FW_InitExpansion2.o
 .group         0x00000000        0x8 ./src/inc/FW_InitExpansion2.o
 .text          0x00000000        0x0 ./src/inc/FW_InitExpansion2.o
 .data          0x00000000        0x0 ./src/inc/FW_InitExpansion2.o
 .bss           0x00000000        0x0 ./src/inc/FW_InitExpansion2.o
 .group         0x00000000        0x8 ./src/PRimitivas/KitInfo2PR_Teclado.o
 .group         0x00000000        0x8 ./src/PRimitivas/KitInfo2PR_Teclado.o
 .group         0x00000000        0x8 ./src/PRimitivas/KitInfo2PR_Teclado.o
 .group         0x00000000        0x8 ./src/PRimitivas/KitInfo2PR_Teclado.o
 .group         0x00000000        0x8 ./src/PRimitivas/KitInfo2PR_Teclado.o
 .group         0x00000000        0x8 ./src/PRimitivas/KitInfo2PR_Teclado.o
 .group         0x00000000        0x8 ./src/PRimitivas/KitInfo2PR_Teclado.o
 .group         0x00000000        0x8 ./src/PRimitivas/KitInfo2PR_Teclado.o
 .text          0x00000000        0x0 ./src/PRimitivas/KitInfo2PR_Teclado.o
 .data          0x00000000        0x0 ./src/PRimitivas/KitInfo2PR_Teclado.o
 .bss           0x00000000        0x0 ./src/PRimitivas/KitInfo2PR_Teclado.o
 .debug_macro   0x00000000      0x397 ./src/PRimitivas/KitInfo2PR_Teclado.o
 .debug_macro   0x00000000       0x3a ./src/PRimitivas/KitInfo2PR_Teclado.o
 .debug_macro   0x00000000      0x160 ./src/PRimitivas/KitInfo2PR_Teclado.o
 .debug_macro   0x00000000       0x8e ./src/PRimitivas/KitInfo2PR_Teclado.o
 .debug_macro   0x00000000       0xfa ./src/PRimitivas/KitInfo2PR_Teclado.o
 .debug_macro   0x00000000       0x46 ./src/PRimitivas/KitInfo2PR_Teclado.o
 .debug_macro   0x00000000       0x46 ./src/PRimitivas/KitInfo2PR_Teclado.o
 .group         0x00000000        0x8 ./src/PRimitivas/PR_7Seg.o
 .group         0x00000000        0x8 ./src/PRimitivas/PR_7Seg.o
 .group         0x00000000        0x8 ./src/PRimitivas/PR_7Seg.o
 .group         0x00000000        0x8 ./src/PRimitivas/PR_7Seg.o
 .group         0x00000000        0x8 ./src/PRimitivas/PR_7Seg.o
 .group         0x00000000        0x8 ./src/PRimitivas/PR_7Seg.o
 .group         0x00000000        0x8 ./src/PRimitivas/PR_7Seg.o
 .group         0x00000000        0x8 ./src/PRimitivas/PR_7Seg.o
 .text          0x00000000        0x0 ./src/PRimitivas/PR_7Seg.o
 .data          0x00000000        0x0 ./src/PRimitivas/PR_7Seg.o
 .bss           0x00000000        0x0 ./src/PRimitivas/PR_7Seg.o
 .debug_macro   0x00000000      0x86e ./src/PRimitivas/PR_7Seg.o
 .debug_macro   0x00000000      0x397 ./src/PRimitivas/PR_7Seg.o
 .debug_macro   0x00000000       0x3a ./src/PRimitivas/PR_7Seg.o
 .debug_macro   0x00000000      0x160 ./src/PRimitivas/PR_7Seg.o
 .debug_macro   0x00000000       0x8e ./src/PRimitivas/PR_7Seg.o
 .debug_macro   0x00000000       0xfa ./src/PRimitivas/PR_7Seg.o
 .debug_macro   0x00000000       0x46 ./src/PRimitivas/PR_7Seg.o
 .debug_macro   0x00000000       0x46 ./src/PRimitivas/PR_7Seg.o
 .group         0x00000000        0x8 ./src/FW_Inicializaciones/FW_InitGPIOBaseBoard.o
 .group         0x00000000        0x8 ./src/FW_Inicializaciones/FW_InitGPIOBaseBoard.o
 .group         0x00000000        0x8 ./src/FW_Inicializaciones/FW_InitGPIOBaseBoard.o
 .group         0x00000000        0x8 ./src/FW_Inicializaciones/FW_InitGPIOBaseBoard.o
 .group         0x00000000        0x8 ./src/FW_Inicializaciones/FW_InitGPIOBaseBoard.o
 .group         0x00000000        0x8 ./src/FW_Inicializaciones/FW_InitGPIOBaseBoard.o
 .group         0x00000000        0x8 ./src/FW_Inicializaciones/FW_InitGPIOBaseBoard.o
 .group         0x00000000        0x8 ./src/FW_Inicializaciones/FW_InitGPIOBaseBoard.o
 .text          0x00000000        0x0 ./src/FW_Inicializaciones/FW_InitGPIOBaseBoard.o
 .data          0x00000000        0x0 ./src/FW_Inicializaciones/FW_InitGPIOBaseBoard.o
 .bss           0x00000000        0x0 ./src/FW_Inicializaciones/FW_InitGPIOBaseBoard.o
 .debug_macro   0x00000000      0x86e ./src/FW_Inicializaciones/FW_InitGPIOBaseBoard.o
 .debug_macro   0x00000000      0x397 ./src/FW_Inicializaciones/FW_InitGPIOBaseBoard.o
 .debug_macro   0x00000000       0x3a ./src/FW_Inicializaciones/FW_InitGPIOBaseBoard.o
 .debug_macro   0x00000000      0x160 ./src/FW_Inicializaciones/FW_InitGPIOBaseBoard.o
 .debug_macro   0x00000000       0x8e ./src/FW_Inicializaciones/FW_InitGPIOBaseBoard.o
 .debug_macro   0x00000000       0xfa ./src/FW_Inicializaciones/FW_InitGPIOBaseBoard.o
 .debug_macro   0x00000000       0x46 ./src/FW_Inicializaciones/FW_InitGPIOBaseBoard.o
 .debug_macro   0x00000000       0x46 ./src/FW_Inicializaciones/FW_InitGPIOBaseBoard.o
 .group         0x00000000        0x8 ./src/FW_Inicializaciones/FW_InitKit_principal.o
 .group         0x00000000        0x8 ./src/FW_Inicializaciones/FW_InitKit_principal.o
 .group         0x00000000        0x8 ./src/FW_Inicializaciones/FW_InitKit_principal.o
 .group         0x00000000        0x8 ./src/FW_Inicializaciones/FW_InitKit_principal.o
 .group         0x00000000        0x8 ./src/FW_Inicializaciones/FW_InitKit_principal.o
 .group         0x00000000        0x8 ./src/FW_Inicializaciones/FW_InitKit_principal.o
 .group         0x00000000        0x8 ./src/FW_Inicializaciones/FW_InitKit_principal.o
 .group         0x00000000        0x8 ./src/FW_Inicializaciones/FW_InitKit_principal.o
 .text          0x00000000        0x0 ./src/FW_Inicializaciones/FW_InitKit_principal.o
 .data          0x00000000        0x0 ./src/FW_Inicializaciones/FW_InitKit_principal.o
 .bss           0x00000000        0x0 ./src/FW_Inicializaciones/FW_InitKit_principal.o
 .debug_macro   0x00000000      0x86e ./src/FW_Inicializaciones/FW_InitKit_principal.o
 .debug_macro   0x00000000      0x397 ./src/FW_Inicializaciones/FW_InitKit_principal.o
 .debug_macro   0x00000000       0x3a ./src/FW_Inicializaciones/FW_InitKit_principal.o
 .debug_macro   0x00000000      0x160 ./src/FW_Inicializaciones/FW_InitKit_principal.o
 .debug_macro   0x00000000       0x8e ./src/FW_Inicializaciones/FW_InitKit_principal.o
 .debug_macro   0x00000000       0xfa ./src/FW_Inicializaciones/FW_InitKit_principal.o
 .debug_macro   0x00000000       0x46 ./src/FW_Inicializaciones/FW_InitKit_principal.o
 .debug_macro   0x00000000       0x46 ./src/FW_Inicializaciones/FW_InitKit_principal.o
 .group         0x00000000        0x8 ./src/FW_Inicializaciones/FW_InitOscilador.o
 .group         0x00000000        0x8 ./src/FW_Inicializaciones/FW_InitOscilador.o
 .group         0x00000000        0x8 ./src/FW_Inicializaciones/FW_InitOscilador.o
 .text          0x00000000        0x0 ./src/FW_Inicializaciones/FW_InitOscilador.o
 .data          0x00000000        0x0 ./src/FW_Inicializaciones/FW_InitOscilador.o
 .bss           0x00000000        0x0 ./src/FW_Inicializaciones/FW_InitOscilador.o
 .debug_macro   0x00000000      0x86e ./src/FW_Inicializaciones/FW_InitOscilador.o
 .debug_macro   0x00000000       0xfa ./src/FW_Inicializaciones/FW_InitOscilador.o
 .debug_macro   0x00000000      0x397 ./src/FW_Inicializaciones/FW_InitOscilador.o
 .group         0x00000000        0x8 ./src/FW_Inicializaciones/cr_startup_lpc176x.o
 .text          0x00000000        0x0 ./src/FW_Inicializaciones/cr_startup_lpc176x.o
 .data          0x00000000        0x0 ./src/FW_Inicializaciones/cr_startup_lpc176x.o
 .bss           0x00000000        0x0 ./src/FW_Inicializaciones/cr_startup_lpc176x.o
 .group         0x00000000        0x8 ./src/FW_Drivers/FW_7Seg.o
 .group         0x00000000        0x8 ./src/FW_Drivers/FW_7Seg.o
 .group         0x00000000        0x8 ./src/FW_Drivers/FW_7Seg.o
 .group         0x00000000        0x8 ./src/FW_Drivers/FW_7Seg.o
 .group         0x00000000        0x8 ./src/FW_Drivers/FW_7Seg.o
 .group         0x00000000        0x8 ./src/FW_Drivers/FW_7Seg.o
 .group         0x00000000        0x8 ./src/FW_Drivers/FW_7Seg.o
 .group         0x00000000        0x8 ./src/FW_Drivers/FW_7Seg.o
 .text          0x00000000        0x0 ./src/FW_Drivers/FW_7Seg.o
 .data          0x00000000        0x0 ./src/FW_Drivers/FW_7Seg.o
 .bss           0x00000000        0x0 ./src/FW_Drivers/FW_7Seg.o
 .debug_macro   0x00000000      0x86e ./src/FW_Drivers/FW_7Seg.o
 .debug_macro   0x00000000      0x397 ./src/FW_Drivers/FW_7Seg.o
 .debug_macro   0x00000000       0x3a ./src/FW_Drivers/FW_7Seg.o
 .debug_macro   0x00000000      0x160 ./src/FW_Drivers/FW_7Seg.o
 .debug_macro   0x00000000       0x8e ./src/FW_Drivers/FW_7Seg.o
 .debug_macro   0x00000000       0xfa ./src/FW_Drivers/FW_7Seg.o
 .debug_macro   0x00000000       0x46 ./src/FW_Drivers/FW_7Seg.o
 .debug_macro   0x00000000       0x46 ./src/FW_Drivers/FW_7Seg.o
 .group         0x00000000        0x8 ./src/FW_Drivers/FW_GPIO.o
 .group         0x00000000        0x8 ./src/FW_Drivers/FW_GPIO.o
 .text          0x00000000        0x0 ./src/FW_Drivers/FW_GPIO.o
 .data          0x00000000        0x0 ./src/FW_Drivers/FW_GPIO.o
 .bss           0x00000000        0x0 ./src/FW_Drivers/FW_GPIO.o
 .debug_macro   0x00000000      0x86e ./src/FW_Drivers/FW_GPIO.o
 .debug_macro   0x00000000      0x397 ./src/FW_Drivers/FW_GPIO.o
 .group         0x00000000        0x8 ./src/FW_Drivers/FW_Systick.o
 .group         0x00000000        0x8 ./src/FW_Drivers/FW_Systick.o
 .group         0x00000000        0x8 ./src/FW_Drivers/FW_Systick.o
 .group         0x00000000        0x8 ./src/FW_Drivers/FW_Systick.o
 .group         0x00000000        0x8 ./src/FW_Drivers/FW_Systick.o
 .group         0x00000000        0x8 ./src/FW_Drivers/FW_Systick.o
 .group         0x00000000        0x8 ./src/FW_Drivers/FW_Systick.o
 .group         0x00000000        0x8 ./src/FW_Drivers/FW_Systick.o
 .text          0x00000000        0x0 ./src/FW_Drivers/FW_Systick.o
 .data          0x00000000        0x0 ./src/FW_Drivers/FW_Systick.o
 .bss           0x00000000        0x0 ./src/FW_Drivers/FW_Systick.o
 .debug_macro   0x00000000      0x86e ./src/FW_Drivers/FW_Systick.o
 .debug_macro   0x00000000      0x397 ./src/FW_Drivers/FW_Systick.o
 .debug_macro   0x00000000       0x3a ./src/FW_Drivers/FW_Systick.o
 .debug_macro   0x00000000      0x160 ./src/FW_Drivers/FW_Systick.o
 .debug_macro   0x00000000       0x8e ./src/FW_Drivers/FW_Systick.o
 .debug_macro   0x00000000       0xfa ./src/FW_Drivers/FW_Systick.o
 .debug_macro   0x00000000       0x46 ./src/FW_Drivers/FW_Systick.o
 .debug_macro   0x00000000       0x46 ./src/FW_Drivers/FW_Systick.o
 .group         0x00000000        0x8 ./src/FW_Drivers/KitInfo2FW_Teclado.o
 .group         0x00000000        0x8 ./src/FW_Drivers/KitInfo2FW_Teclado.o
 .group         0x00000000        0x8 ./src/FW_Drivers/KitInfo2FW_Teclado.o
 .group         0x00000000        0x8 ./src/FW_Drivers/KitInfo2FW_Teclado.o
 .group         0x00000000        0x8 ./src/FW_Drivers/KitInfo2FW_Teclado.o
 .group         0x00000000        0x8 ./src/FW_Drivers/KitInfo2FW_Teclado.o
 .group         0x00000000        0x8 ./src/FW_Drivers/KitInfo2FW_Teclado.o
 .group         0x00000000        0x8 ./src/FW_Drivers/KitInfo2FW_Teclado.o
 .text          0x00000000        0x0 ./src/FW_Drivers/KitInfo2FW_Teclado.o
 .data          0x00000000        0x0 ./src/FW_Drivers/KitInfo2FW_Teclado.o
 .bss           0x00000000        0x0 ./src/FW_Drivers/KitInfo2FW_Teclado.o
 .debug_macro   0x00000000      0x86e ./src/FW_Drivers/KitInfo2FW_Teclado.o
 .debug_macro   0x00000000      0x397 ./src/FW_Drivers/KitInfo2FW_Teclado.o
 .debug_macro   0x00000000       0x3a ./src/FW_Drivers/KitInfo2FW_Teclado.o
 .debug_macro   0x00000000      0x160 ./src/FW_Drivers/KitInfo2FW_Teclado.o
 .debug_macro   0x00000000       0x8e ./src/FW_Drivers/KitInfo2FW_Teclado.o
 .debug_macro   0x00000000       0xfa ./src/FW_Drivers/KitInfo2FW_Teclado.o
 .debug_macro   0x00000000       0x46 ./src/FW_Drivers/KitInfo2FW_Teclado.o
 .debug_macro   0x00000000       0x46 ./src/FW_Drivers/KitInfo2FW_Teclado.o
 .group         0x00000000        0x8 ./src/main.o
 .group         0x00000000        0x8 ./src/main.o
 .group         0x00000000        0x8 ./src/main.o
 .group         0x00000000        0x8 ./src/main.o
 .group         0x00000000        0x8 ./src/main.o
 .group         0x00000000        0x8 ./src/main.o
 .group         0x00000000        0x8 ./src/main.o
 .group         0x00000000        0x8 ./src/main.o
 .group         0x00000000        0x8 ./src/main.o
 .group         0x00000000        0x8 ./src/main.o
 .text          0x00000000        0x0 ./src/main.o
 .data          0x00000000        0x0 ./src/main.o
 .bss           0x00000000        0x0 ./src/main.o
 .debug_macro   0x00000000      0x86e ./src/main.o
 .debug_macro   0x00000000      0x397 ./src/main.o
 .debug_macro   0x00000000       0x3a ./src/main.o
 .debug_macro   0x00000000      0x160 ./src/main.o
 .debug_macro   0x00000000       0x8e ./src/main.o
 .debug_macro   0x00000000       0xfa ./src/main.o
 .debug_macro   0x00000000       0x46 ./src/main.o
 .debug_macro   0x00000000       0x46 ./src/main.o
 .text          0x00000000        0x0 /usr/local/lpcxpresso_7.9.0_455/lpcxpresso/tools/bin/../lib/gcc/arm-none-eabi/4.9.3/../../../../arm-none-eabi/lib/armv7-m/libcr_semihost.a(_cr__main.o)
 .data          0x00000000        0x0 /usr/local/lpcxpresso_7.9.0_455/lpcxpresso/tools/bin/../lib/gcc/arm-none-eabi/4.9.3/../../../../arm-none-eabi/lib/armv7-m/libcr_semihost.a(_cr__main.o)
 .bss           0x00000000        0x0 /usr/local/lpcxpresso_7.9.0_455/lpcxpresso/tools/bin/../lib/gcc/arm-none-eabi/4.9.3/../../../../arm-none-eabi/lib/armv7-m/libcr_semihost.a(_cr__main.o)
 .text          0x00000000        0x0 /usr/local/lpcxpresso_7.9.0_455/lpcxpresso/tools/bin/../lib/gcc/arm-none-eabi/4.9.3/../../../../arm-none-eabi/lib/armv7-m/libcr_c.a(initio.o)
 .data          0x00000000        0x0 /usr/local/lpcxpresso_7.9.0_455/lpcxpresso/tools/bin/../lib/gcc/arm-none-eabi/4.9.3/../../../../arm-none-eabi/lib/armv7-m/libcr_c.a(initio.o)
 .bss           0x00000000        0x0 /usr/local/lpcxpresso_7.9.0_455/lpcxpresso/tools/bin/../lib/gcc/arm-none-eabi/4.9.3/../../../../arm-none-eabi/lib/armv7-m/libcr_c.a(initio.o)
 .text._terminateio
                0x00000000       0x44 /usr/local/lpcxpresso_7.9.0_455/lpcxpresso/tools/bin/../lib/gcc/arm-none-eabi/4.9.3/../../../../arm-none-eabi/lib/armv7-m/libcr_c.a(initio.o)
 .text          0x00000000        0x0 /usr/local/lpcxpresso_7.9.0_455/lpcxpresso/tools/bin/../lib/gcc/arm-none-eabi/4.9.3/../../../../arm-none-eabi/lib/armv7-m/libcr_c.a(setvbuf.o)
 .data          0x00000000        0x0 /usr/local/lpcxpresso_7.9.0_455/lpcxpresso/tools/bin/../lib/gcc/arm-none-eabi/4.9.3/../../../../arm-none-eabi/lib/armv7-m/libcr_c.a(setvbuf.o)
 .bss           0x00000000        0x0 /usr/local/lpcxpresso_7.9.0_455/lpcxpresso/tools/bin/../lib/gcc/arm-none-eabi/4.9.3/../../../../arm-none-eabi/lib/armv7-m/libcr_c.a(setvbuf.o)
 .text          0x00000000        0x0 /usr/local/lpcxpresso_7.9.0_455/lpcxpresso/tools/bin/../lib/gcc/arm-none-eabi/4.9.3/../../../../arm-none-eabi/lib/armv7-m/libcr_c.a(stdio.o)
 .data          0x00000000        0x0 /usr/local/lpcxpresso_7.9.0_455/lpcxpresso/tools/bin/../lib/gcc/arm-none-eabi/4.9.3/../../../../arm-none-eabi/lib/armv7-m/libcr_c.a(stdio.o)
 .bss           0x00000000        0x0 /usr/local/lpcxpresso_7.9.0_455/lpcxpresso/tools/bin/../lib/gcc/arm-none-eabi/4.9.3/../../../../arm-none-eabi/lib/armv7-m/libcr_c.a(stdio.o)
 .text.fgetc    0x00000000       0x18 /usr/local/lpcxpresso_7.9.0_455/lpcxpresso/tools/bin/../lib/gcc/arm-none-eabi/4.9.3/../../../../arm-none-eabi/lib/armv7-m/libcr_c.a(stdio.o)
 .text.fputc    0x00000000       0x24 /usr/local/lpcxpresso_7.9.0_455/lpcxpresso/tools/bin/../lib/gcc/arm-none-eabi/4.9.3/../../../../arm-none-eabi/lib/armv7-m/libcr_c.a(stdio.o)
 .text.getc     0x00000000       0x18 /usr/local/lpcxpresso_7.9.0_455/lpcxpresso/tools/bin/../lib/gcc/arm-none-eabi/4.9.3/../../../../arm-none-eabi/lib/armv7-m/libcr_c.a(stdio.o)
 .text.getchar  0x00000000       0x20 /usr/local/lpcxpresso_7.9.0_455/lpcxpresso/tools/bin/../lib/gcc/arm-none-eabi/4.9.3/../../../../arm-none-eabi/lib/armv7-m/libcr_c.a(stdio.o)
 .text.putc     0x00000000       0x24 /usr/local/lpcxpresso_7.9.0_455/lpcxpresso/tools/bin/../lib/gcc/arm-none-eabi/4.9.3/../../../../arm-none-eabi/lib/armv7-m/libcr_c.a(stdio.o)
 .text.putchar  0x00000000       0x24 /usr/local/lpcxpresso_7.9.0_455/lpcxpresso/tools/bin/../lib/gcc/arm-none-eabi/4.9.3/../../../../arm-none-eabi/lib/armv7-m/libcr_c.a(stdio.o)
 .text.feof     0x00000000        0x8 /usr/local/lpcxpresso_7.9.0_455/lpcxpresso/tools/bin/../lib/gcc/arm-none-eabi/4.9.3/../../../../arm-none-eabi/lib/armv7-m/libcr_c.a(stdio.o)
 .text.ferror   0x00000000        0x8 /usr/local/lpcxpresso_7.9.0_455/lpcxpresso/tools/bin/../lib/gcc/arm-none-eabi/4.9.3/../../../../arm-none-eabi/lib/armv7-m/libcr_c.a(stdio.o)
 .text.clearerr
                0x00000000        0xe /usr/local/lpcxpresso_7.9.0_455/lpcxpresso/tools/bin/../lib/gcc/arm-none-eabi/4.9.3/../../../../arm-none-eabi/lib/armv7-m/libcr_c.a(stdio.o)
 .text          0x00000000        0x0 /usr/local/lpcxpresso_7.9.0_455/lpcxpresso/tools/bin/../lib/gcc/arm-none-eabi/4.9.3/../../../../arm-none-eabi/lib/armv7-m/libcr_c.a(memset.o)
 .data          0x00000000        0x0 /usr/local/lpcxpresso_7.9.0_455/lpcxpresso/tools/bin/../lib/gcc/arm-none-eabi/4.9.3/../../../../arm-none-eabi/lib/armv7-m/libcr_c.a(memset.o)
 .bss           0x00000000        0x0 /usr/local/lpcxpresso_7.9.0_455/lpcxpresso/tools/bin/../lib/gcc/arm-none-eabi/4.9.3/../../../../arm-none-eabi/lib/armv7-m/libcr_c.a(memset.o)
 .text          0x00000000        0x0 /usr/local/lpcxpresso_7.9.0_455/lpcxpresso/tools/bin/../lib/gcc/arm-none-eabi/4.9.3/../../../../arm-none-eabi/lib/armv7-m/libcr_c.a(__fillbuf.o)
 .data          0x00000000        0x0 /usr/local/lpcxpresso_7.9.0_455/lpcxpresso/tools/bin/../lib/gcc/arm-none-eabi/4.9.3/../../../../arm-none-eabi/lib/armv7-m/libcr_c.a(__fillbuf.o)
 .bss           0x00000000        0x0 /usr/local/lpcxpresso_7.9.0_455/lpcxpresso/tools/bin/../lib/gcc/arm-none-eabi/4.9.3/../../../../arm-none-eabi/lib/armv7-m/libcr_c.a(__fillbuf.o)
 .text._Csys_read_
                0x00000000       0x22 /usr/local/lpcxpresso_7.9.0_455/lpcxpresso/tools/bin/../lib/gcc/arm-none-eabi/4.9.3/../../../../arm-none-eabi/lib/armv7-m/libcr_c.a(__fillbuf.o)
 .text.__filbuf
                0x00000000      0x178 /usr/local/lpcxpresso_7.9.0_455/lpcxpresso/tools/bin/../lib/gcc/arm-none-eabi/4.9.3/../../../../arm-none-eabi/lib/armv7-m/libcr_c.a(__fillbuf.o)
 .text._fillb2  0x00000000       0x1c /usr/local/lpcxpresso_7.9.0_455/lpcxpresso/tools/bin/../lib/gcc/arm-none-eabi/4.9.3/../../../../arm-none-eabi/lib/armv7-m/libcr_c.a(__fillbuf.o)
 .comment       0x00000000       0x71 /usr/local/lpcxpresso_7.9.0_455/lpcxpresso/tools/bin/../lib/gcc/arm-none-eabi/4.9.3/../../../../arm-none-eabi/lib/armv7-m/libcr_c.a(__fillbuf.o)
 .ARM.attributes
                0x00000000       0x33 /usr/local/lpcxpresso_7.9.0_455/lpcxpresso/tools/bin/../lib/gcc/arm-none-eabi/4.9.3/../../../../arm-none-eabi/lib/armv7-m/libcr_c.a(__fillbuf.o)
 .text          0x00000000        0x0 /usr/local/lpcxpresso_7.9.0_455/lpcxpresso/tools/bin/../lib/gcc/arm-none-eabi/4.9.3/../../../../arm-none-eabi/lib/armv7-m/libcr_c.a(_deferredlazyseek.o)
 .data          0x00000000        0x0 /usr/local/lpcxpresso_7.9.0_455/lpcxpresso/tools/bin/../lib/gcc/arm-none-eabi/4.9.3/../../../../arm-none-eabi/lib/armv7-m/libcr_c.a(_deferredlazyseek.o)
 .bss           0x00000000        0x0 /usr/local/lpcxpresso_7.9.0_455/lpcxpresso/tools/bin/../lib/gcc/arm-none-eabi/4.9.3/../../../../arm-none-eabi/lib/armv7-m/libcr_c.a(_deferredlazyseek.o)
 .text.__flsbuf
                0x00000000      0x142 /usr/local/lpcxpresso_7.9.0_455/lpcxpresso/tools/bin/../lib/gcc/arm-none-eabi/4.9.3/../../../../arm-none-eabi/lib/armv7-m/libcr_c.a(_deferredlazyseek.o)
 .text          0x00000000        0x0 /usr/local/lpcxpresso_7.9.0_455/lpcxpresso/tools/bin/../lib/gcc/arm-none-eabi/4.9.3/../../../../arm-none-eabi/lib/armv7-m/libcr_c.a(_fdopen.o)
 .data          0x00000000        0x0 /usr/local/lpcxpresso_7.9.0_455/lpcxpresso/tools/bin/../lib/gcc/arm-none-eabi/4.9.3/../../../../arm-none-eabi/lib/armv7-m/libcr_c.a(_fdopen.o)
 .bss           0x00000000        0x0 /usr/local/lpcxpresso_7.9.0_455/lpcxpresso/tools/bin/../lib/gcc/arm-none-eabi/4.9.3/../../../../arm-none-eabi/lib/armv7-m/libcr_c.a(_fdopen.o)
 .text          0x00000000        0x0 /usr/local/lpcxpresso_7.9.0_455/lpcxpresso/tools/bin/../lib/gcc/arm-none-eabi/4.9.3/../../../../arm-none-eabi/lib/armv7-m/libcr_c.a(_fflush.o)
 .data          0x00000000        0x0 /usr/local/lpcxpresso_7.9.0_455/lpcxpresso/tools/bin/../lib/gcc/arm-none-eabi/4.9.3/../../../../arm-none-eabi/lib/armv7-m/libcr_c.a(_fflush.o)
 .bss           0x00000000        0x0 /usr/local/lpcxpresso_7.9.0_455/lpcxpresso/tools/bin/../lib/gcc/arm-none-eabi/4.9.3/../../../../arm-none-eabi/lib/armv7-m/libcr_c.a(_fflush.o)
 .text          0x00000000        0x0 /usr/local/lpcxpresso_7.9.0_455/lpcxpresso/tools/bin/../lib/gcc/arm-none-eabi/4.9.3/../../../../arm-none-eabi/lib/armv7-m/libcr_c.a(_writebuf.o)
 .data          0x00000000        0x0 /usr/local/lpcxpresso_7.9.0_455/lpcxpresso/tools/bin/../lib/gcc/arm-none-eabi/4.9.3/../../../../arm-none-eabi/lib/armv7-m/libcr_c.a(_writebuf.o)
 .bss           0x00000000        0x0 /usr/local/lpcxpresso_7.9.0_455/lpcxpresso/tools/bin/../lib/gcc/arm-none-eabi/4.9.3/../../../../arm-none-eabi/lib/armv7-m/libcr_c.a(_writebuf.o)
 .text          0x00000000        0x0 /usr/local/lpcxpresso_7.9.0_455/lpcxpresso/tools/bin/../lib/gcc/arm-none-eabi/4.9.3/../../../../arm-none-eabi/lib/armv7-m/libcr_c.a(alloc.o)
 .data          0x00000000        0x0 /usr/local/lpcxpresso_7.9.0_455/lpcxpresso/tools/bin/../lib/gcc/arm-none-eabi/4.9.3/../../../../arm-none-eabi/lib/armv7-m/libcr_c.a(alloc.o)
 .bss           0x00000000        0x0 /usr/local/lpcxpresso_7.9.0_455/lpcxpresso/tools/bin/../lib/gcc/arm-none-eabi/4.9.3/../../../../arm-none-eabi/lib/armv7-m/libcr_c.a(alloc.o)
 .text.calloc   0x00000000       0x50 /usr/local/lpcxpresso_7.9.0_455/lpcxpresso/tools/bin/../lib/gcc/arm-none-eabi/4.9.3/../../../../arm-none-eabi/lib/armv7-m/libcr_c.a(alloc.o)
 .text.realloc  0x00000000       0x24 /usr/local/lpcxpresso_7.9.0_455/lpcxpresso/tools/bin/../lib/gcc/arm-none-eabi/4.9.3/../../../../arm-none-eabi/lib/armv7-m/libcr_c.a(alloc.o)
 .text          0x00000000        0x0 /usr/local/lpcxpresso_7.9.0_455/lpcxpresso/tools/bin/../lib/gcc/arm-none-eabi/4.9.3/../../../../arm-none-eabi/lib/armv7-m/libcr_c.a(fclose.o)
 .data          0x00000000        0x0 /usr/local/lpcxpresso_7.9.0_455/lpcxpresso/tools/bin/../lib/gcc/arm-none-eabi/4.9.3/../../../../arm-none-eabi/lib/armv7-m/libcr_c.a(fclose.o)
 .bss           0x00000000        0x0 /usr/local/lpcxpresso_7.9.0_455/lpcxpresso/tools/bin/../lib/gcc/arm-none-eabi/4.9.3/../../../../arm-none-eabi/lib/armv7-m/libcr_c.a(fclose.o)
 .text          0x00000000        0x0 /usr/local/lpcxpresso_7.9.0_455/lpcxpresso/tools/bin/../lib/gcc/arm-none-eabi/4.9.3/../../../../arm-none-eabi/lib/armv7-m/libcr_c.a(fflush.o)
 .data          0x00000000        0x0 /usr/local/lpcxpresso_7.9.0_455/lpcxpresso/tools/bin/../lib/gcc/arm-none-eabi/4.9.3/../../../../arm-none-eabi/lib/armv7-m/libcr_c.a(fflush.o)
 .bss           0x00000000        0x0 /usr/local/lpcxpresso_7.9.0_455/lpcxpresso/tools/bin/../lib/gcc/arm-none-eabi/4.9.3/../../../../arm-none-eabi/lib/armv7-m/libcr_c.a(fflush.o)
 .text          0x00000000        0x0 /usr/local/lpcxpresso_7.9.0_455/lpcxpresso/tools/bin/../lib/gcc/arm-none-eabi/4.9.3/../../../../arm-none-eabi/lib/armv7-m/libcr_c.a(fseek.o)
 .data          0x00000000        0x0 /usr/local/lpcxpresso_7.9.0_455/lpcxpresso/tools/bin/../lib/gcc/arm-none-eabi/4.9.3/../../../../arm-none-eabi/lib/armv7-m/libcr_c.a(fseek.o)
 .bss           0x00000000        0x0 /usr/local/lpcxpresso_7.9.0_455/lpcxpresso/tools/bin/../lib/gcc/arm-none-eabi/4.9.3/../../../../arm-none-eabi/lib/armv7-m/libcr_c.a(fseek.o)
 .text          0x00000000        0x0 /usr/local/lpcxpresso_7.9.0_455/lpcxpresso/tools/bin/../lib/gcc/arm-none-eabi/4.9.3/../../../../arm-none-eabi/lib/armv7-m/libcr_c.a(ftell.o)
 .data          0x00000000        0x0 /usr/local/lpcxpresso_7.9.0_455/lpcxpresso/tools/bin/../lib/gcc/arm-none-eabi/4.9.3/../../../../arm-none-eabi/lib/armv7-m/libcr_c.a(ftell.o)
 .bss           0x00000000        0x0 /usr/local/lpcxpresso_7.9.0_455/lpcxpresso/tools/bin/../lib/gcc/arm-none-eabi/4.9.3/../../../../arm-none-eabi/lib/armv7-m/libcr_c.a(ftell.o)
 .text          0x00000000        0x0 /usr/local/lpcxpresso_7.9.0_455/lpcxpresso/tools/bin/../lib/gcc/arm-none-eabi/4.9.3/../../../../arm-none-eabi/lib/armv7-m/libcr_c.a(remove.o)
 .data          0x00000000        0x0 /usr/local/lpcxpresso_7.9.0_455/lpcxpresso/tools/bin/../lib/gcc/arm-none-eabi/4.9.3/../../../../arm-none-eabi/lib/armv7-m/libcr_c.a(remove.o)
 .bss           0x00000000        0x0 /usr/local/lpcxpresso_7.9.0_455/lpcxpresso/tools/bin/../lib/gcc/arm-none-eabi/4.9.3/../../../../arm-none-eabi/lib/armv7-m/libcr_c.a(remove.o)
 .text.rename   0x00000000       0x28 /usr/local/lpcxpresso_7.9.0_455/lpcxpresso/tools/bin/../lib/gcc/arm-none-eabi/4.9.3/../../../../arm-none-eabi/lib/armv7-m/libcr_c.a(remove.o)
 .text          0x00000000        0x0 /usr/local/lpcxpresso_7.9.0_455/lpcxpresso/tools/bin/../lib/gcc/arm-none-eabi/4.9.3/../../../../arm-none-eabi/lib/armv7-m/libcr_c.a(strlen.o)
 .data          0x00000000        0x0 /usr/local/lpcxpresso_7.9.0_455/lpcxpresso/tools/bin/../lib/gcc/arm-none-eabi/4.9.3/../../../../arm-none-eabi/lib/armv7-m/libcr_c.a(strlen.o)
 .bss           0x00000000        0x0 /usr/local/lpcxpresso_7.9.0_455/lpcxpresso/tools/bin/../lib/gcc/arm-none-eabi/4.9.3/../../../../arm-none-eabi/lib/armv7-m/libcr_c.a(strlen.o)
 .text          0x00000000        0x0 /usr/local/lpcxpresso_7.9.0_455/lpcxpresso/tools/bin/../lib/gcc/arm-none-eabi/4.9.3/../../../../arm-none-eabi/lib/armv7-m/libcr_c.a(memcpy.o)
 .data          0x00000000        0x0 /usr/local/lpcxpresso_7.9.0_455/lpcxpresso/tools/bin/../lib/gcc/arm-none-eabi/4.9.3/../../../../arm-none-eabi/lib/armv7-m/libcr_c.a(memcpy.o)
 .bss           0x00000000        0x0 /usr/local/lpcxpresso_7.9.0_455/lpcxpresso/tools/bin/../lib/gcc/arm-none-eabi/4.9.3/../../../../arm-none-eabi/lib/armv7-m/libcr_c.a(memcpy.o)
 .text.memcpy   0x00000000        0x4 /usr/local/lpcxpresso_7.9.0_455/lpcxpresso/tools/bin/../lib/gcc/arm-none-eabi/4.9.3/../../../../arm-none-eabi/lib/armv7-m/libcr_c.a(memcpy.o)
 .comment       0x00000000       0x71 /usr/local/lpcxpresso_7.9.0_455/lpcxpresso/tools/bin/../lib/gcc/arm-none-eabi/4.9.3/../../../../arm-none-eabi/lib/armv7-m/libcr_c.a(memcpy.o)
 .ARM.attributes
                0x00000000       0x33 /usr/local/lpcxpresso_7.9.0_455/lpcxpresso/tools/bin/../lib/gcc/arm-none-eabi/4.9.3/../../../../arm-none-eabi/lib/armv7-m/libcr_c.a(memcpy.o)
 .text          0x00000000        0x0 /usr/local/lpcxpresso_7.9.0_455/lpcxpresso/tools/bin/../lib/gcc/arm-none-eabi/4.9.3/../../../../arm-none-eabi/lib/armv7-m/libcr_c.a(__init_alloc.o)
 .data          0x00000000        0x0 /usr/local/lpcxpresso_7.9.0_455/lpcxpresso/tools/bin/../lib/gcc/arm-none-eabi/4.9.3/../../../../arm-none-eabi/lib/armv7-m/libcr_c.a(__init_alloc.o)
 .bss           0x00000000        0x0 /usr/local/lpcxpresso_7.9.0_455/lpcxpresso/tools/bin/../lib/gcc/arm-none-eabi/4.9.3/../../../../arm-none-eabi/lib/armv7-m/libcr_c.a(__init_alloc.o)
 .text._init_alloc
                0x00000000       0x14 /usr/local/lpcxpresso_7.9.0_455/lpcxpresso/tools/bin/../lib/gcc/arm-none-eabi/4.9.3/../../../../arm-none-eabi/lib/armv7-m/libcr_c.a(__init_alloc.o)
 .text          0x00000000        0x0 /usr/local/lpcxpresso_7.9.0_455/lpcxpresso/tools/bin/../lib/gcc/arm-none-eabi/4.9.3/../../../../arm-none-eabi/lib/armv7-m/libcr_c.a(_cr_sbrk.o)
 .data          0x00000000        0x0 /usr/local/lpcxpresso_7.9.0_455/lpcxpresso/tools/bin/../lib/gcc/arm-none-eabi/4.9.3/../../../../arm-none-eabi/lib/armv7-m/libcr_c.a(_cr_sbrk.o)
 .bss           0x00000000        0x0 /usr/local/lpcxpresso_7.9.0_455/lpcxpresso/tools/bin/../lib/gcc/arm-none-eabi/4.9.3/../../../../arm-none-eabi/lib/armv7-m/libcr_c.a(_cr_sbrk.o)
 .text          0x00000000        0x0 /usr/local/lpcxpresso_7.9.0_455/lpcxpresso/tools/bin/../lib/gcc/arm-none-eabi/4.9.3/../../../../arm-none-eabi/lib/armv7-m/libcr_c.a(_do_fflush.o)
 .data          0x00000000        0x0 /usr/local/lpcxpresso_7.9.0_455/lpcxpresso/tools/bin/../lib/gcc/arm-none-eabi/4.9.3/../../../../arm-none-eabi/lib/armv7-m/libcr_c.a(_do_fflush.o)
 .bss           0x00000000        0x0 /usr/local/lpcxpresso_7.9.0_455/lpcxpresso/tools/bin/../lib/gcc/arm-none-eabi/4.9.3/../../../../arm-none-eabi/lib/armv7-m/libcr_c.a(_do_fflush.o)
 .text          0x00000000        0x0 /usr/local/lpcxpresso_7.9.0_455/lpcxpresso/tools/bin/../lib/gcc/arm-none-eabi/4.9.3/../../../../arm-none-eabi/lib/armv7-m/libcr_c.a(errno.o)
 .data          0x00000000        0x0 /usr/local/lpcxpresso_7.9.0_455/lpcxpresso/tools/bin/../lib/gcc/arm-none-eabi/4.9.3/../../../../arm-none-eabi/lib/armv7-m/libcr_c.a(errno.o)
 .bss           0x00000000        0x0 /usr/local/lpcxpresso_7.9.0_455/lpcxpresso/tools/bin/../lib/gcc/arm-none-eabi/4.9.3/../../../../arm-none-eabi/lib/armv7-m/libcr_c.a(errno.o)
 .text          0x00000000        0x0 /usr/local/lpcxpresso_7.9.0_455/lpcxpresso/tools/bin/../lib/gcc/arm-none-eabi/4.9.3/../../../../arm-none-eabi/lib/armv7-m/libcr_c.a(_cr_check_heap.o)
 .data          0x00000000        0x0 /usr/local/lpcxpresso_7.9.0_455/lpcxpresso/tools/bin/../lib/gcc/arm-none-eabi/4.9.3/../../../../arm-none-eabi/lib/armv7-m/libcr_c.a(_cr_check_heap.o)
 .bss           0x00000000        0x0 /usr/local/lpcxpresso_7.9.0_455/lpcxpresso/tools/bin/../lib/gcc/arm-none-eabi/4.9.3/../../../../arm-none-eabi/lib/armv7-m/libcr_c.a(_cr_check_heap.o)
 .text          0x00000000        0x0 /usr/local/lpcxpresso_7.9.0_455/lpcxpresso/tools/bin/../lib/gcc/arm-none-eabi/4.9.3/armv7-m/libcr_eabihelpers.a(memcpy.o)
 .data          0x00000000        0x0 /usr/local/lpcxpresso_7.9.0_455/lpcxpresso/tools/bin/../lib/gcc/arm-none-eabi/4.9.3/armv7-m/libcr_eabihelpers.a(memcpy.o)
 .bss           0x00000000        0x0 /usr/local/lpcxpresso_7.9.0_455/lpcxpresso/tools/bin/../lib/gcc/arm-none-eabi/4.9.3/armv7-m/libcr_eabihelpers.a(memcpy.o)
 .text.__aeabi_memcpy
                0x00000000       0x34 /usr/local/lpcxpresso_7.9.0_455/lpcxpresso/tools/bin/../lib/gcc/arm-none-eabi/4.9.3/armv7-m/libcr_eabihelpers.a(memcpy.o)
 .text.__aeabi_memmove
                0x00000000       0x1c /usr/local/lpcxpresso_7.9.0_455/lpcxpresso/tools/bin/../lib/gcc/arm-none-eabi/4.9.3/armv7-m/libcr_eabihelpers.a(memcpy.o)
 .text.__aeabi_memclr
                0x00000000        0x8 /usr/local/lpcxpresso_7.9.0_455/lpcxpresso/tools/bin/../lib/gcc/arm-none-eabi/4.9.3/armv7-m/libcr_eabihelpers.a(memcpy.o)
 .text.__aeabi_memset
                0x00000000        0xa /usr/local/lpcxpresso_7.9.0_455/lpcxpresso/tools/bin/../lib/gcc/arm-none-eabi/4.9.3/armv7-m/libcr_eabihelpers.a(memcpy.o)
 .text          0x00000000        0x0 /usr/local/lpcxpresso_7.9.0_455/lpcxpresso/tools/bin/../lib/gcc/arm-none-eabi/4.9.3/../../../../arm-none-eabi/lib/armv7-m/libcr_semihost.a(__sys_appexit.o)
 .data          0x00000000        0x0 /usr/local/lpcxpresso_7.9.0_455/lpcxpresso/tools/bin/../lib/gcc/arm-none-eabi/4.9.3/../../../../arm-none-eabi/lib/armv7-m/libcr_semihost.a(__sys_appexit.o)
 .bss           0x00000000        0x0 /usr/local/lpcxpresso_7.9.0_455/lpcxpresso/tools/bin/../lib/gcc/arm-none-eabi/4.9.3/../../../../arm-none-eabi/lib/armv7-m/libcr_semihost.a(__sys_appexit.o)
 .text          0x00000000        0x0 /usr/local/lpcxpresso_7.9.0_455/lpcxpresso/tools/bin/../lib/gcc/arm-none-eabi/4.9.3/../../../../arm-none-eabi/lib/armv7-m/libcr_semihost.a(__sys_close.o)
 .data          0x00000000        0x0 /usr/local/lpcxpresso_7.9.0_455/lpcxpresso/tools/bin/../lib/gcc/arm-none-eabi/4.9.3/../../../../arm-none-eabi/lib/armv7-m/libcr_semihost.a(__sys_close.o)
 .bss           0x00000000        0x0 /usr/local/lpcxpresso_7.9.0_455/lpcxpresso/tools/bin/../lib/gcc/arm-none-eabi/4.9.3/../../../../arm-none-eabi/lib/armv7-m/libcr_semihost.a(__sys_close.o)
 .text          0x00000000        0x0 /usr/local/lpcxpresso_7.9.0_455/lpcxpresso/tools/bin/../lib/gcc/arm-none-eabi/4.9.3/../../../../arm-none-eabi/lib/armv7-m/libcr_semihost.a(__sys_flen.o)
 .data          0x00000000        0x0 /usr/local/lpcxpresso_7.9.0_455/lpcxpresso/tools/bin/../lib/gcc/arm-none-eabi/4.9.3/../../../../arm-none-eabi/lib/armv7-m/libcr_semihost.a(__sys_flen.o)
 .bss           0x00000000        0x0 /usr/local/lpcxpresso_7.9.0_455/lpcxpresso/tools/bin/../lib/gcc/arm-none-eabi/4.9.3/../../../../arm-none-eabi/lib/armv7-m/libcr_semihost.a(__sys_flen.o)
 .text          0x00000000        0x0 /usr/local/lpcxpresso_7.9.0_455/lpcxpresso/tools/bin/../lib/gcc/arm-none-eabi/4.9.3/../../../../arm-none-eabi/lib/armv7-m/libcr_semihost.a(__sys_istty.o)
 .data          0x00000000        0x0 /usr/local/lpcxpresso_7.9.0_455/lpcxpresso/tools/bin/../lib/gcc/arm-none-eabi/4.9.3/../../../../arm-none-eabi/lib/armv7-m/libcr_semihost.a(__sys_istty.o)
 .bss           0x00000000        0x0 /usr/local/lpcxpresso_7.9.0_455/lpcxpresso/tools/bin/../lib/gcc/arm-none-eabi/4.9.3/../../../../arm-none-eabi/lib/armv7-m/libcr_semihost.a(__sys_istty.o)
 .text          0x00000000        0x0 /usr/local/lpcxpresso_7.9.0_455/lpcxpresso/tools/bin/../lib/gcc/arm-none-eabi/4.9.3/../../../../arm-none-eabi/lib/armv7-m/libcr_semihost.a(__sys_read.o)
 .data          0x00000000        0x0 /usr/local/lpcxpresso_7.9.0_455/lpcxpresso/tools/bin/../lib/gcc/arm-none-eabi/4.9.3/../../../../arm-none-eabi/lib/armv7-m/libcr_semihost.a(__sys_read.o)
 .bss           0x00000000        0x0 /usr/local/lpcxpresso_7.9.0_455/lpcxpresso/tools/bin/../lib/gcc/arm-none-eabi/4.9.3/../../../../arm-none-eabi/lib/armv7-m/libcr_semihost.a(__sys_read.o)
 .text.__sys_read
                0x00000000        0xc /usr/local/lpcxpresso_7.9.0_455/lpcxpresso/tools/bin/../lib/gcc/arm-none-eabi/4.9.3/../../../../arm-none-eabi/lib/armv7-m/libcr_semihost.a(__sys_read.o)
 .ARM.attributes
                0x00000000       0x21 /usr/local/lpcxpresso_7.9.0_455/lpcxpresso/tools/bin/../lib/gcc/arm-none-eabi/4.9.3/../../../../arm-none-eabi/lib/armv7-m/libcr_semihost.a(__sys_read.o)
 .text          0x00000000        0x0 /usr/local/lpcxpresso_7.9.0_455/lpcxpresso/tools/bin/../lib/gcc/arm-none-eabi/4.9.3/../../../../arm-none-eabi/lib/armv7-m/libcr_semihost.a(__sys_readc.o)
 .data          0x00000000        0x0 /usr/local/lpcxpresso_7.9.0_455/lpcxpresso/tools/bin/../lib/gcc/arm-none-eabi/4.9.3/../../../../arm-none-eabi/lib/armv7-m/libcr_semihost.a(__sys_readc.o)
 .bss           0x00000000        0x0 /usr/local/lpcxpresso_7.9.0_455/lpcxpresso/tools/bin/../lib/gcc/arm-none-eabi/4.9.3/../../../../arm-none-eabi/lib/armv7-m/libcr_semihost.a(__sys_readc.o)
 .text.__sys_readc
                0x00000000        0x8 /usr/local/lpcxpresso_7.9.0_455/lpcxpresso/tools/bin/../lib/gcc/arm-none-eabi/4.9.3/../../../../arm-none-eabi/lib/armv7-m/libcr_semihost.a(__sys_readc.o)
 .ARM.attributes
                0x00000000       0x21 /usr/local/lpcxpresso_7.9.0_455/lpcxpresso/tools/bin/../lib/gcc/arm-none-eabi/4.9.3/../../../../arm-none-eabi/lib/armv7-m/libcr_semihost.a(__sys_readc.o)
 .text          0x00000000        0x0 /usr/local/lpcxpresso_7.9.0_455/lpcxpresso/tools/bin/../lib/gcc/arm-none-eabi/4.9.3/../../../../arm-none-eabi/lib/armv7-m/libcr_semihost.a(__sys_remove.o)
 .data          0x00000000        0x0 /usr/local/lpcxpresso_7.9.0_455/lpcxpresso/tools/bin/../lib/gcc/arm-none-eabi/4.9.3/../../../../arm-none-eabi/lib/armv7-m/libcr_semihost.a(__sys_remove.o)
 .bss           0x00000000        0x0 /usr/local/lpcxpresso_7.9.0_455/lpcxpresso/tools/bin/../lib/gcc/arm-none-eabi/4.9.3/../../../../arm-none-eabi/lib/armv7-m/libcr_semihost.a(__sys_remove.o)
 .text          0x00000000        0x0 /usr/local/lpcxpresso_7.9.0_455/lpcxpresso/tools/bin/../lib/gcc/arm-none-eabi/4.9.3/../../../../arm-none-eabi/lib/armv7-m/libcr_semihost.a(__sys_rename.o)
 .data          0x00000000        0x0 /usr/local/lpcxpresso_7.9.0_455/lpcxpresso/tools/bin/../lib/gcc/arm-none-eabi/4.9.3/../../../../arm-none-eabi/lib/armv7-m/libcr_semihost.a(__sys_rename.o)
 .bss           0x00000000        0x0 /usr/local/lpcxpresso_7.9.0_455/lpcxpresso/tools/bin/../lib/gcc/arm-none-eabi/4.9.3/../../../../arm-none-eabi/lib/armv7-m/libcr_semihost.a(__sys_rename.o)
 .text.__sys_rename
                0x00000000        0xc /usr/local/lpcxpresso_7.9.0_455/lpcxpresso/tools/bin/../lib/gcc/arm-none-eabi/4.9.3/../../../../arm-none-eabi/lib/armv7-m/libcr_semihost.a(__sys_rename.o)
 .ARM.attributes
                0x00000000       0x21 /usr/local/lpcxpresso_7.9.0_455/lpcxpresso/tools/bin/../lib/gcc/arm-none-eabi/4.9.3/../../../../arm-none-eabi/lib/armv7-m/libcr_semihost.a(__sys_rename.o)
 .text          0x00000000        0x0 /usr/local/lpcxpresso_7.9.0_455/lpcxpresso/tools/bin/../lib/gcc/arm-none-eabi/4.9.3/../../../../arm-none-eabi/lib/armv7-m/libcr_semihost.a(__sys_seek.o)
 .data          0x00000000        0x0 /usr/local/lpcxpresso_7.9.0_455/lpcxpresso/tools/bin/../lib/gcc/arm-none-eabi/4.9.3/../../../../arm-none-eabi/lib/armv7-m/libcr_semihost.a(__sys_seek.o)
 .bss           0x00000000        0x0 /usr/local/lpcxpresso_7.9.0_455/lpcxpresso/tools/bin/../lib/gcc/arm-none-eabi/4.9.3/../../../../arm-none-eabi/lib/armv7-m/libcr_semihost.a(__sys_seek.o)
 .text          0x00000000        0x0 /usr/local/lpcxpresso_7.9.0_455/lpcxpresso/tools/bin/../lib/gcc/arm-none-eabi/4.9.3/../../../../arm-none-eabi/lib/armv7-m/libcr_semihost.a(__sys_tmpnam.o)
 .data          0x00000000        0x0 /usr/local/lpcxpresso_7.9.0_455/lpcxpresso/tools/bin/../lib/gcc/arm-none-eabi/4.9.3/../../../../arm-none-eabi/lib/armv7-m/libcr_semihost.a(__sys_tmpnam.o)
 .bss           0x00000000        0x0 /usr/local/lpcxpresso_7.9.0_455/lpcxpresso/tools/bin/../lib/gcc/arm-none-eabi/4.9.3/../../../../arm-none-eabi/lib/armv7-m/libcr_semihost.a(__sys_tmpnam.o)
 .text          0x00000000        0x0 /usr/local/lpcxpresso_7.9.0_455/lpcxpresso/tools/bin/../lib/gcc/arm-none-eabi/4.9.3/../../../../arm-none-eabi/lib/armv7-m/libcr_semihost.a(__sys_write.o)
 .data          0x00000000        0x0 /usr/local/lpcxpresso_7.9.0_455/lpcxpresso/tools/bin/../lib/gcc/arm-none-eabi/4.9.3/../../../../arm-none-eabi/lib/armv7-m/libcr_semihost.a(__sys_write.o)
 .bss           0x00000000        0x0 /usr/local/lpcxpresso_7.9.0_455/lpcxpresso/tools/bin/../lib/gcc/arm-none-eabi/4.9.3/../../../../arm-none-eabi/lib/armv7-m/libcr_semihost.a(__sys_write.o)

Memory Configuration

Name             Origin             Length             Attributes
MFlash512        0x00000000         0x00080000         xr
RamLoc32         0x10000000         0x00008000         xrw
RamAHB32         0x2007c000         0x00008000         xrw
*default*        0x00000000         0xffffffff

Linker script and memory map

LOAD ./src/inc/FW_InitExpansion2.o
LOAD ./src/PRimitivas/KitInfo2PR_Teclado.o
LOAD ./src/PRimitivas/PR_7Seg.o
LOAD ./src/FW_Inicializaciones/FW_InitGPIOBaseBoard.o
LOAD ./src/FW_Inicializaciones/FW_InitKit_principal.o
LOAD ./src/FW_Inicializaciones/FW_InitOscilador.o
LOAD ./src/FW_Inicializaciones/cr_startup_lpc176x.o
LOAD ./src/FW_Drivers/FW_7Seg.o
LOAD ./src/FW_Drivers/FW_GPIO.o
LOAD ./src/FW_Drivers/FW_Systick.o
LOAD ./src/FW_Drivers/KitInfo2FW_Teclado.o
LOAD ./src/main.o
START GROUP
LOAD /usr/local/lpcxpresso_7.9.0_455/lpcxpresso/tools/bin/../lib/gcc/arm-none-eabi/4.9.3/../../../../arm-none-eabi/lib/armv7-m/libcr_semihost.a
LOAD /usr/local/lpcxpresso_7.9.0_455/lpcxpresso/tools/bin/../lib/gcc/arm-none-eabi/4.9.3/../../../../arm-none-eabi/lib/armv7-m/libcr_c.a
LOAD /usr/local/lpcxpresso_7.9.0_455/lpcxpresso/tools/bin/../lib/gcc/arm-none-eabi/4.9.3/armv7-m/libcr_eabihelpers.a
END GROUP
                0x00080000                __top_MFlash512 = 0x80000
                0x00080000                __top_Flash = 0x80000
                0x10008000                __top_RamLoc32 = 0x10008000
                0x10008000                __top_RAM = 0x10008000
                0x20084000                __top_RamAHB32 = 0x20084000
                0x20084000                __top_RAM2 = 0x20084000

.text           0x00000000     0x1548
 FILL mask 0xff
                0x00000000                __vectors_start__ = ABSOLUTE (.)
 *(.isr_vector)
 .isr_vector    0x00000000       0xcc ./src/FW_Inicializaciones/cr_startup_lpc176x.o
                0x00000000                g_pfnVectors
                0x000000cc                . = ALIGN (0x4)
                0x000000cc                __section_table_start = .
                0x000000cc                __data_section_table = .
                0x000000cc        0x4 LONG 0x1548 LOADADDR (.data)
                0x000000d0        0x4 LONG 0x10000000 ADDR (.data)
                0x000000d4        0x4 LONG 0xc SIZEOF (.data)
                0x000000d8        0x4 LONG 0x1548 LOADADDR (.data_RAM2)
                0x000000dc        0x4 LONG 0x2007c000 ADDR (.data_RAM2)
                0x000000e0        0x4 LONG 0x0 SIZEOF (.data_RAM2)
                0x000000e4                __data_section_table_end = .
                0x000000e4                __bss_section_table = .
                0x000000e4        0x4 LONG 0x1000000c ADDR (.bss)
                0x000000e8        0x4 LONG 0x15c SIZEOF (.bss)
                0x000000ec        0x4 LONG 0x2007c000 ADDR (.bss_RAM2)
                0x000000f0        0x4 LONG 0x0 SIZEOF (.bss_RAM2)
                0x000000f4                __bss_section_table_end = .
                0x000000f4                __section_table_end = .
 *(.after_vectors*)
 .after_vectors
                0x000000f4       0x7c ./src/FW_Inicializaciones/cr_startup_lpc176x.o
                0x000000f4                NMI_Handler
                0x000000f6                HardFault_Handler
                0x000000f8                MemManage_Handler
                0x000000fa                BusFault_Handler
                0x000000fc                UsageFault_Handler
                0x000000fe                SVC_Handler
                0x00000100                DebugMon_Handler
                0x00000102                PendSV_Handler
                0x00000106                TIMER2_IRQHandler
                0x00000106                RIT_IRQHandler
                0x00000106                I2C0_IRQHandler
                0x00000106                USBActivity_IRQHandler
                0x00000106                PWM1_IRQHandler
                0x00000106                I2C1_IRQHandler
                0x00000106                EINT2_IRQHandler
                0x00000106                UART1_IRQHandler
                0x00000106                EINT3_IRQHandler
                0x00000106                CANActivity_IRQHandler
                0x00000106                TIMER3_IRQHandler
                0x00000106                UART0_IRQHandler
                0x00000106                IntDefaultHandler
                0x00000106                PLL0_IRQHandler
                0x00000106                CAN_IRQHandler
                0x00000106                PLL1_IRQHandler
                0x00000106                SSP0_IRQHandler
                0x00000106                I2S_IRQHandler
                0x00000106                I2C2_IRQHandler
                0x00000106                RTC_IRQHandler
                0x00000106                TIMER0_IRQHandler
                0x00000106                SPI_IRQHandler
                0x00000106                EINT1_IRQHandler
                0x00000106                TIMER1_IRQHandler
                0x00000106                UART2_IRQHandler
                0x00000106                ADC_IRQHandler
                0x00000106                SSP1_IRQHandler
                0x00000106                USB_IRQHandler
                0x00000106                BOD_IRQHandler
                0x00000106                WDT_IRQHandler
                0x00000106                QEI_IRQHandler
                0x00000106                EINT0_IRQHandler
                0x00000106                DMA_IRQHandler
                0x00000106                UART3_IRQHandler
                0x00000106                MCPWM_IRQHandler
                0x00000106                ENET_IRQHandler
                0x00000108                data_init
                0x0000011e                bss_init
                0x00000130                ResetISR
                0x000002fc                . = 0x2fc
 *fill*         0x00000170      0x18c ff
                0x000002fc                PROVIDE (__CRP_WORD_START__, .)
 *(.crp)
 .crp           0x000002fc        0x4 ./src/main.o
                0x000002fc                CRP_WORD
                0x00000300                PROVIDE (__CRP_WORD_END__, .)
                0x00000001                ASSERT (! ((__CRP_WORD_START__ == __CRP_WORD_END__)), Linker CRP Enabled, but no CRP_WORD provided within application)
 *(.text*)
 .text.Inicializar_Display7s
                0x00000300      0x120 ./src/inc/FW_InitExpansion2.o
                0x00000300                Inicializar_Display7s
 .text.Teclado  0x00000420       0x30 ./src/PRimitivas/KitInfo2PR_Teclado.o
                0x00000420                Teclado
 .text.Display  0x00000450       0xac ./src/PRimitivas/PR_7Seg.o
                0x00000450                Display
 .text.Inicializar_Teclado
                0x000004fc       0x88 ./src/FW_Inicializaciones/FW_InitGPIOBaseBoard.o
                0x000004fc                Inicializar_Teclado
 .text.Inicializar_Relay
                0x00000584       0x74 ./src/FW_Inicializaciones/FW_InitGPIOBaseBoard.o
                0x00000584                Inicializar_Relay
 .text.Inicializar_RGB
                0x000005f8       0x44 ./src/FW_Inicializaciones/FW_InitGPIOBaseBoard.o
                0x000005f8                Inicializar_RGB
 .text.InicSysTick
                0x0000063c       0x44 ./src/FW_Inicializaciones/FW_InitKit_principal.o
                0x0000063c                InicSysTick
 .text.InicializarKit
                0x00000680       0x20 ./src/FW_Inicializaciones/FW_InitKit_principal.o
                0x00000680                InicializarKit
 .text.InicPLL  0x000006a0      0x140 ./src/FW_Inicializaciones/FW_InitOscilador.o
                0x000006a0                InicPLL
 .text.BarridoDisplay
                0x000007e0      0x19c ./src/FW_Drivers/FW_7Seg.o
                0x000007e0                BarridoDisplay
 .text.SetPINSEL
                0x0000097c       0x88 ./src/FW_Drivers/FW_GPIO.o
                0x0000097c                SetPINSEL
 .text.SetPINMODE
                0x00000a04       0x7c ./src/FW_Drivers/FW_GPIO.o
                0x00000a04                SetPINMODE
 .text.SetDIR   0x00000a80       0x70 ./src/FW_Drivers/FW_GPIO.o
                0x00000a80                SetDIR
 .text.SetPIN   0x00000af0       0x74 ./src/FW_Drivers/FW_GPIO.o
                0x00000af0                SetPIN
 .text.GetPIN   0x00000b64       0x4c ./src/FW_Drivers/FW_GPIO.o
                0x00000b64                GetPIN
 .text.SysTick_Handler
                0x00000bb0       0x10 ./src/FW_Drivers/FW_Systick.o
                0x00000bb0                SysTick_Handler
 .text.DriverTeclado
                0x00000bc0       0x1c ./src/FW_Drivers/KitInfo2FW_Teclado.o
                0x00000bc0                DriverTeclado
 .text.TecladoSW
                0x00000bdc       0xb8 ./src/FW_Drivers/KitInfo2FW_Teclado.o
                0x00000bdc                TecladoSW
 .text.TecladoHW
                0x00000c94       0x78 ./src/FW_Drivers/KitInfo2FW_Teclado.o
                0x00000c94                TecladoHW
 .text.main     0x00000d0c       0x10 ./src/main.o
                0x00000d0c                main
 .text.Check_tecla
                0x00000d1c      0x100 ./src/main.o
                0x00000d1c                Check_tecla
 .text.__main   0x00000e1c       0x14 /usr/local/lpcxpresso_7.9.0_455/lpcxpresso/tools/bin/../lib/gcc/arm-none-eabi/4.9.3/../../../../arm-none-eabi/lib/armv7-m/libcr_semihost.a(_cr__main.o)
                0x00000e1c                __main
                0x00000e1c                __CR_SEMIHOST
 .text._initio  0x00000e30       0xa4 /usr/local/lpcxpresso_7.9.0_455/lpcxpresso/tools/bin/../lib/gcc/arm-none-eabi/4.9.3/../../../../arm-none-eabi/lib/armv7-m/libcr_c.a(initio.o)
                0x00000e30                _initio
 .text.setvbuf  0x00000ed4       0x40 /usr/local/lpcxpresso_7.9.0_455/lpcxpresso/tools/bin/../lib/gcc/arm-none-eabi/4.9.3/../../../../arm-none-eabi/lib/armv7-m/libcr_c.a(setvbuf.o)
                0x00000ed4                setvbuf
 .text.memset   0x00000f14        0x4 /usr/local/lpcxpresso_7.9.0_455/lpcxpresso/tools/bin/../lib/gcc/arm-none-eabi/4.9.3/../../../../arm-none-eabi/lib/armv7-m/libcr_c.a(memset.o)
                0x00000f14                memset
 .text._deferredlazyseek
                0x00000f18       0x44 /usr/local/lpcxpresso_7.9.0_455/lpcxpresso/tools/bin/../lib/gcc/arm-none-eabi/4.9.3/../../../../arm-none-eabi/lib/armv7-m/libcr_c.a(_deferredlazyseek.o)
                0x00000f18                _deferredlazyseek
 .text._fdopen  0x00000f5c       0x6a /usr/local/lpcxpresso_7.9.0_455/lpcxpresso/tools/bin/../lib/gcc/arm-none-eabi/4.9.3/../../../../arm-none-eabi/lib/armv7-m/libcr_c.a(_fdopen.o)
                0x00000f5c                _fdopen
 .text._fflush  0x00000fc6       0x58 /usr/local/lpcxpresso_7.9.0_455/lpcxpresso/tools/bin/../lib/gcc/arm-none-eabi/4.9.3/../../../../arm-none-eabi/lib/armv7-m/libcr_c.a(_fflush.o)
                0x00000fc6                _fflush
 *fill*         0x0000101e        0x2 
 .text._Cwritebuf
                0x00001020       0x68 /usr/local/lpcxpresso_7.9.0_455/lpcxpresso/tools/bin/../lib/gcc/arm-none-eabi/4.9.3/../../../../arm-none-eabi/lib/armv7-m/libcr_c.a(_writebuf.o)
                0x00001020                _Cwritebuf
 .text.malloc   0x00001088       0xcc /usr/local/lpcxpresso_7.9.0_455/lpcxpresso/tools/bin/../lib/gcc/arm-none-eabi/4.9.3/../../../../arm-none-eabi/lib/armv7-m/libcr_c.a(alloc.o)
                0x00001088                malloc
 .text.free     0x00001154       0x30 /usr/local/lpcxpresso_7.9.0_455/lpcxpresso/tools/bin/../lib/gcc/arm-none-eabi/4.9.3/../../../../arm-none-eabi/lib/armv7-m/libcr_c.a(alloc.o)
                0x00001154                free
 .text._Csys_alloc
                0x00001184       0x20 /usr/local/lpcxpresso_7.9.0_455/lpcxpresso/tools/bin/../lib/gcc/arm-none-eabi/4.9.3/../../../../arm-none-eabi/lib/armv7-m/libcr_c.a(alloc.o)
                0x00001184                _Csys_alloc
 .text.fclose   0x000011a4       0x6c /usr/local/lpcxpresso_7.9.0_455/lpcxpresso/tools/bin/../lib/gcc/arm-none-eabi/4.9.3/../../../../arm-none-eabi/lib/armv7-m/libcr_c.a(fclose.o)
                0x000011a4                fclose
 .text.fflush   0x00001210       0x30 /usr/local/lpcxpresso_7.9.0_455/lpcxpresso/tools/bin/../lib/gcc/arm-none-eabi/4.9.3/../../../../arm-none-eabi/lib/armv7-m/libcr_c.a(fflush.o)
                0x00001210                fflush
 .text.fseek    0x00001240      0x110 /usr/local/lpcxpresso_7.9.0_455/lpcxpresso/tools/bin/../lib/gcc/arm-none-eabi/4.9.3/../../../../arm-none-eabi/lib/armv7-m/libcr_c.a(fseek.o)
                0x00001240                fseek
 .text.ftell    0x00001350       0x4c /usr/local/lpcxpresso_7.9.0_455/lpcxpresso/tools/bin/../lib/gcc/arm-none-eabi/4.9.3/../../../../arm-none-eabi/lib/armv7-m/libcr_c.a(ftell.o)
                0x00001350                ftell
 .text.remove   0x0000139c       0x14 /usr/local/lpcxpresso_7.9.0_455/lpcxpresso/tools/bin/../lib/gcc/arm-none-eabi/4.9.3/../../../../arm-none-eabi/lib/armv7-m/libcr_c.a(remove.o)
                0x0000139c                remove
 .text.strlen   0x000013b0       0x4a /usr/local/lpcxpresso_7.9.0_455/lpcxpresso/tools/bin/../lib/gcc/arm-none-eabi/4.9.3/../../../../arm-none-eabi/lib/armv7-m/libcr_c.a(strlen.o)
                0x000013b0                strlen
 *fill*         0x000013fa        0x2 
 .text._sbrk    0x000013fc       0x40 /usr/local/lpcxpresso_7.9.0_455/lpcxpresso/tools/bin/../lib/gcc/arm-none-eabi/4.9.3/../../../../arm-none-eabi/lib/armv7-m/libcr_c.a(_cr_sbrk.o)
                0x000013fc                _sbrk
 .text._do_fflush
                0x0000143c       0x44 /usr/local/lpcxpresso_7.9.0_455/lpcxpresso/tools/bin/../lib/gcc/arm-none-eabi/4.9.3/../../../../arm-none-eabi/lib/armv7-m/libcr_c.a(_do_fflush.o)
                0x0000143c                _do_fflush
 .text.__check_heap_overflow
                0x00001480       0x18 /usr/local/lpcxpresso_7.9.0_455/lpcxpresso/tools/bin/../lib/gcc/arm-none-eabi/4.9.3/../../../../arm-none-eabi/lib/armv7-m/libcr_c.a(_cr_check_heap.o)
                0x00001480                __check_heap_overflow
 .text.__aeabi_memset_lowlevel
                0x00001498       0x32 /usr/local/lpcxpresso_7.9.0_455/lpcxpresso/tools/bin/../lib/gcc/arm-none-eabi/4.9.3/armv7-m/libcr_eabihelpers.a(memcpy.o)
                0x00001498                __aeabi_lowlevel_memset
 *fill*         0x000014ca        0x2 
 .text.__sys_appexit
                0x000014cc        0xc /usr/local/lpcxpresso_7.9.0_455/lpcxpresso/tools/bin/../lib/gcc/arm-none-eabi/4.9.3/../../../../arm-none-eabi/lib/armv7-m/libcr_semihost.a(__sys_appexit.o)
                0x000014cc                __exit
                0x000014cc                __sys_appexit
 .text.__sys_close
                0x000014d8        0xc /usr/local/lpcxpresso_7.9.0_455/lpcxpresso/tools/bin/../lib/gcc/arm-none-eabi/4.9.3/../../../../arm-none-eabi/lib/armv7-m/libcr_semihost.a(__sys_close.o)
                0x000014d8                __sys_close
 .text.__sys_flen
                0x000014e4        0xc /usr/local/lpcxpresso_7.9.0_455/lpcxpresso/tools/bin/../lib/gcc/arm-none-eabi/4.9.3/../../../../arm-none-eabi/lib/armv7-m/libcr_semihost.a(__sys_flen.o)
                0x000014e4                __sys_flen
 .text.__sys_istty
                0x000014f0        0xc /usr/local/lpcxpresso_7.9.0_455/lpcxpresso/tools/bin/../lib/gcc/arm-none-eabi/4.9.3/../../../../arm-none-eabi/lib/armv7-m/libcr_semihost.a(__sys_istty.o)
                0x000014f0                __sys_istty
 .text.__sys_remove
                0x000014fc        0xc /usr/local/lpcxpresso_7.9.0_455/lpcxpresso/tools/bin/../lib/gcc/arm-none-eabi/4.9.3/../../../../arm-none-eabi/lib/armv7-m/libcr_semihost.a(__sys_remove.o)
                0x000014fc                __sys_remove
 .text.__sys_seek
                0x00001508        0xc /usr/local/lpcxpresso_7.9.0_455/lpcxpresso/tools/bin/../lib/gcc/arm-none-eabi/4.9.3/../../../../arm-none-eabi/lib/armv7-m/libcr_semihost.a(__sys_seek.o)
                0x00001508                __sys_seek
 .text.__sys_tmpnam
                0x00001514        0xc /usr/local/lpcxpresso_7.9.0_455/lpcxpresso/tools/bin/../lib/gcc/arm-none-eabi/4.9.3/../../../../arm-none-eabi/lib/armv7-m/libcr_semihost.a(__sys_tmpnam.o)
                0x00001514                __sys_tmpnam
 .text.__sys_write
                0x00001520        0xc /usr/local/lpcxpresso_7.9.0_455/lpcxpresso/tools/bin/../lib/gcc/arm-none-eabi/4.9.3/../../../../arm-none-eabi/lib/armv7-m/libcr_semihost.a(__sys_write.o)
                0x00001520                __write
                0x00001520                __sys_write
 *(.rodata .rodata.* .constdata .constdata.*)
 .rodata.str1.1
                0x0000152c        0x4 /usr/local/lpcxpresso_7.9.0_455/lpcxpresso/tools/bin/../lib/gcc/arm-none-eabi/4.9.3/../../../../arm-none-eabi/lib/armv7-m/libcr_c.a(initio.o)
 .rodata.str1.1
                0x00001530       0x18 /usr/local/lpcxpresso_7.9.0_455/lpcxpresso/tools/bin/../lib/gcc/arm-none-eabi/4.9.3/../../../../arm-none-eabi/lib/armv7-m/libcr_c.a(alloc.o)
                0x00001548                . = ALIGN (0x4)

.glue_7         0x00001548        0x0
 .glue_7        0x00000000        0x0 linker stubs

.glue_7t        0x00001548        0x0
 .glue_7t       0x00000000        0x0 linker stubs

.vfp11_veneer   0x00001548        0x0
 .vfp11_veneer  0x00000000        0x0 linker stubs

.v4_bx          0x00001548        0x0
 .v4_bx         0x00000000        0x0 linker stubs

.iplt           0x00001548        0x0
 .iplt          0x00000000        0x0 ./src/inc/FW_InitExpansion2.o

.rel.dyn        0x00001548        0x0
 .rel.iplt      0x00000000        0x0 ./src/inc/FW_InitExpansion2.o

.ARM.extab
 *(.ARM.extab* .gnu.linkonce.armextab.*)
                0x00001548                __exidx_start = .

.ARM.exidx
 *(.ARM.exidx* .gnu.linkonce.armexidx.*)
                0x00001548                __exidx_end = .
                0x00001548                _etext = .

.data_RAM2      0x2007c000        0x0 load address 0x00001548
 FILL mask 0xff
                0x2007c000                PROVIDE (__start_data_RAM2, .)
 *(.ramfunc.$RAM2)
 *(.ramfunc.$RamAHB32)
 *(.data.$RAM2*)
 *(.data.$RamAHB32*)
                0x2007c000                . = ALIGN (0x4)
                0x2007c000                PROVIDE (__end_data_RAM2, .)

.uninit_RESERVED
                0x10000000        0x0
 *(.bss.$RESERVED*)
                0x10000000                . = ALIGN (0x4)
                0x10000000                _end_uninit_RESERVED = .

.data           0x10000000        0xc load address 0x00001548
 FILL mask 0xff
                0x10000000                _data = .
 *(vtable)
 *(.ramfunc*)
 *(.data*)
 .data.Tabla_Digitos_BCD_7seg
                0x10000000        0xa ./src/PRimitivas/PR_7Seg.o
                0x10000000                Tabla_Digitos_BCD_7seg
 .data.codAnt.3704
                0x1000000a        0x1 ./src/FW_Drivers/KitInfo2FW_Teclado.o
                0x1000000c                . = ALIGN (0x4)
 *fill*         0x1000000b        0x1 ff
                0x1000000c                _edata = .

.igot.plt       0x1000000c        0x0 load address 0x00001554
 .igot.plt      0x00000000        0x0 ./src/inc/FW_InitExpansion2.o

.bss_RAM2       0x2007c000        0x0
                0x2007c000                PROVIDE (__start_bss_RAM2, .)
 *(.bss.$RAM2*)
 *(.bss.$RamAHB32*)
                0x2007c000                . = ALIGN ((. != 0x0)?0x4:0x1)
                0x2007c000                PROVIDE (__end_bss_RAM2, .)

.bss            0x1000000c      0x15c
                0x1000000c                _bss = .
 *(.bss*)
 .bss.digito.3703
                0x1000000c        0x1 ./src/FW_Drivers/FW_7Seg.o
 .bss.estado.3705
                0x1000000d        0x1 ./src/FW_Drivers/KitInfo2FW_Teclado.o
 *fill*         0x1000000e        0x2 
 .bss.errno     0x10000010        0x4 /usr/local/lpcxpresso_7.9.0_455/lpcxpresso/tools/bin/../lib/gcc/arm-none-eabi/4.9.3/../../../../arm-none-eabi/lib/armv7-m/libcr_c.a(errno.o)
                0x10000010                errno
 *(COMMON)
 COMMON         0x10000014        0x7 ./src/main.o
                0x10000014                msgDisplay
                0x1000001a                buffKey
 *fill*         0x1000001b        0x1 
 COMMON         0x1000001c        0x4 /usr/local/lpcxpresso_7.9.0_455/lpcxpresso/tools/bin/../lib/gcc/arm-none-eabi/4.9.3/../../../../arm-none-eabi/lib/armv7-m/libcr_c.a(initio.o)
                0x1000001c                _extra
 COMMON         0x10000020      0x140 /usr/local/lpcxpresso_7.9.0_455/lpcxpresso/tools/bin/../lib/gcc/arm-none-eabi/4.9.3/../../../../arm-none-eabi/lib/armv7-m/libcr_c.a(stdio.o)
                0x10000020                __Ciob
 COMMON         0x10000160        0x8 /usr/local/lpcxpresso_7.9.0_455/lpcxpresso/tools/bin/../lib/gcc/arm-none-eabi/4.9.3/../../../../arm-none-eabi/lib/armv7-m/libcr_c.a(__init_alloc.o)
                0x10000160                __heaps
                0x10000164                __end_of_heap
                0x10000168                . = ALIGN (0x4)
                0x10000168                _ebss = .
                0x10000168                PROVIDE (end, .)

.noinit_RAM2    0x2007c000        0x0
 *(.noinit.$RAM2*)
 *(.noinit.$RamAHB32*)
                0x2007c000                . = ALIGN (0x4)

.noinit         0x10000168        0x0
                0x10000168                _noinit = .
 *(.noinit*)
                0x10000168                . = ALIGN (0x4)
                0x10000168                _end_noinit = .
                0x10000168                PROVIDE (_pvHeapStart, DEFINED (__user_heap_base)?__user_heap_base:.)
                0x10008000                PROVIDE (_vStackTop, DEFINED (__user_stack_top)?__user_stack_top:(__top_RamLoc32 - 0x0))
                0xefff79f2                PROVIDE (__valid_user_code_checksum, (0x0 - ((((((_vStackTop + (ResetISR + 0x1)) + (NMI_Handler + 0x1)) + (HardFault_Handler + 0x1)) + (DEFINED (MemManage_Handler)?MemManage_Handler:0x0 + 0x1)) + (DEFINED (BusFault_Handler)?BusFault_Handler:0x0 + 0x1)) + (DEFINED (UsageFault_Handler)?UsageFault_Handler:0x0 + 0x1))))
OUTPUT(Teclado4x1.axf elf32-littlearm)

.debug_info     0x00000000      0xa9b
 .debug_info    0x00000000       0x50 ./src/inc/FW_InitExpansion2.o
 .debug_info    0x00000050       0x7d ./src/PRimitivas/KitInfo2PR_Teclado.o
 .debug_info    0x000000cd       0xf9 ./src/PRimitivas/PR_7Seg.o
 .debug_info    0x000001c6       0x72 ./src/FW_Inicializaciones/FW_InitGPIOBaseBoard.o
 .debug_info    0x00000238      0x13d ./src/FW_Inicializaciones/FW_InitKit_principal.o
 .debug_info    0x00000375       0x5b ./src/FW_Inicializaciones/FW_InitOscilador.o
 .debug_info    0x000003d0      0x26f ./src/FW_Inicializaciones/cr_startup_lpc176x.o
 .debug_info    0x0000063f       0x9a ./src/FW_Drivers/FW_7Seg.o
 .debug_info    0x000006d9      0x195 ./src/FW_Drivers/FW_GPIO.o
 .debug_info    0x0000086e       0x50 ./src/FW_Drivers/FW_Systick.o
 .debug_info    0x000008be       0xfa ./src/FW_Drivers/KitInfo2FW_Teclado.o
 .debug_info    0x000009b8       0xe3 ./src/main.o

.debug_abbrev   0x00000000      0x692
 .debug_abbrev  0x00000000       0x3a ./src/inc/FW_InitExpansion2.o
 .debug_abbrev  0x0000003a       0x6b ./src/PRimitivas/KitInfo2PR_Teclado.o
 .debug_abbrev  0x000000a5       0xc0 ./src/PRimitivas/PR_7Seg.o
 .debug_abbrev  0x00000165       0x3a ./src/FW_Inicializaciones/FW_InitGPIOBaseBoard.o
 .debug_abbrev  0x0000019f       0xf0 ./src/FW_Inicializaciones/FW_InitKit_principal.o
 .debug_abbrev  0x0000028f       0x47 ./src/FW_Inicializaciones/FW_InitOscilador.o
 .debug_abbrev  0x000002d6      0x120 ./src/FW_Inicializaciones/cr_startup_lpc176x.o
 .debug_abbrev  0x000003f6       0x7e ./src/FW_Drivers/FW_7Seg.o
 .debug_abbrev  0x00000474       0x81 ./src/FW_Drivers/FW_GPIO.o
 .debug_abbrev  0x000004f5       0x3a ./src/FW_Drivers/FW_Systick.o
 .debug_abbrev  0x0000052f       0xb5 ./src/FW_Drivers/KitInfo2FW_Teclado.o
 .debug_abbrev  0x000005e4       0xae ./src/main.o

.debug_aranges  0x00000000      0x230
 .debug_aranges
                0x00000000       0x20 ./src/inc/FW_InitExpansion2.o
 .debug_aranges
                0x00000020       0x20 ./src/PRimitivas/KitInfo2PR_Teclado.o
 .debug_aranges
                0x00000040       0x20 ./src/PRimitivas/PR_7Seg.o
 .debug_aranges
                0x00000060       0x30 ./src/FW_Inicializaciones/FW_InitGPIOBaseBoard.o
 .debug_aranges
                0x00000090       0x28 ./src/FW_Inicializaciones/FW_InitKit_principal.o
 .debug_aranges
                0x000000b8       0x20 ./src/FW_Inicializaciones/FW_InitOscilador.o
 .debug_aranges
                0x000000d8       0x80 ./src/FW_Inicializaciones/cr_startup_lpc176x.o
 .debug_aranges
                0x00000158       0x20 ./src/FW_Drivers/FW_7Seg.o
 .debug_aranges
                0x00000178       0x40 ./src/FW_Drivers/FW_GPIO.o
 .debug_aranges
                0x000001b8       0x20 ./src/FW_Drivers/FW_Systick.o
 .debug_aranges
                0x000001d8       0x30 ./src/FW_Drivers/KitInfo2FW_Teclado.o
 .debug_aranges
                0x00000208       0x28 ./src/main.o

.debug_ranges   0x00000000      0x170
 .debug_ranges  0x00000000       0x10 ./src/inc/FW_InitExpansion2.o
 .debug_ranges  0x00000010       0x10 ./src/PRimitivas/KitInfo2PR_Teclado.o
 .debug_ranges  0x00000020       0x10 ./src/PRimitivas/PR_7Seg.o
 .debug_ranges  0x00000030       0x20 ./src/FW_Inicializaciones/FW_InitGPIOBaseBoard.o
 .debug_ranges  0x00000050       0x18 ./src/FW_Inicializaciones/FW_InitKit_principal.o
 .debug_ranges  0x00000068       0x10 ./src/FW_Inicializaciones/FW_InitOscilador.o
 .debug_ranges  0x00000078       0x70 ./src/FW_Inicializaciones/cr_startup_lpc176x.o
 .debug_ranges  0x000000e8       0x10 ./src/FW_Drivers/FW_7Seg.o
 .debug_ranges  0x000000f8       0x30 ./src/FW_Drivers/FW_GPIO.o
 .debug_ranges  0x00000128       0x10 ./src/FW_Drivers/FW_Systick.o
 .debug_ranges  0x00000138       0x20 ./src/FW_Drivers/KitInfo2FW_Teclado.o
 .debug_ranges  0x00000158       0x18 ./src/main.o

.debug_macro    0x00000000     0x25b9
 .debug_macro   0x00000000       0x72 ./src/inc/FW_InitExpansion2.o
 .debug_macro   0x00000072      0x86e ./src/inc/FW_InitExpansion2.o
 .debug_macro   0x000008e0      0x397 ./src/inc/FW_InitExpansion2.o
 .debug_macro   0x00000c77       0x3a ./src/inc/FW_InitExpansion2.o
 .debug_macro   0x00000cb1      0x160 ./src/inc/FW_InitExpansion2.o
 .debug_macro   0x00000e11       0x8e ./src/inc/FW_InitExpansion2.o
 .debug_macro   0x00000e9f       0xfa ./src/inc/FW_InitExpansion2.o
 .debug_macro   0x00000f99       0x46 ./src/inc/FW_InitExpansion2.o
 .debug_macro   0x00000fdf       0x46 ./src/inc/FW_InitExpansion2.o
 .debug_macro   0x00001025       0x72 ./src/PRimitivas/KitInfo2PR_Teclado.o
 .debug_macro   0x00001097      0x86e ./src/PRimitivas/KitInfo2PR_Teclado.o
 .debug_macro   0x00001905       0x72 ./src/PRimitivas/PR_7Seg.o
 .debug_macro   0x00001977       0x72 ./src/FW_Inicializaciones/FW_InitGPIOBaseBoard.o
 .debug_macro   0x000019e9       0x72 ./src/FW_Inicializaciones/FW_InitKit_principal.o
 .debug_macro   0x00001a5b       0x23 ./src/FW_Inicializaciones/FW_InitOscilador.o
 .debug_macro   0x00001a7e       0x1d ./src/FW_Inicializaciones/cr_startup_lpc176x.o
 .debug_macro   0x00001a9b      0x874 ./src/FW_Inicializaciones/cr_startup_lpc176x.o
 .debug_macro   0x0000230f       0x72 ./src/FW_Drivers/FW_7Seg.o
 .debug_macro   0x00002381       0x1a ./src/FW_Drivers/FW_GPIO.o
 .debug_macro   0x0000239b       0x72 ./src/FW_Drivers/FW_Systick.o
 .debug_macro   0x0000240d       0x72 ./src/FW_Drivers/KitInfo2FW_Teclado.o
 .debug_macro   0x0000247f       0x84 ./src/main.o
 .debug_macro   0x00002503       0x82 ./src/main.o
 .debug_macro   0x00002585       0x34 ./src/main.o

.debug_line     0x00000000      0xe9f
 .debug_line    0x00000000       0xea ./src/inc/FW_InitExpansion2.o
 .debug_line    0x000000ea      0x128 ./src/PRimitivas/KitInfo2PR_Teclado.o
 .debug_line    0x00000212      0x13a ./src/PRimitivas/PR_7Seg.o
 .debug_line    0x0000034c      0x16c ./src/FW_Inicializaciones/FW_InitGPIOBaseBoard.o
 .debug_line    0x000004b8      0x14a ./src/FW_Inicializaciones/FW_InitKit_principal.o
 .debug_line    0x00000602      0x10b ./src/FW_Inicializaciones/FW_InitOscilador.o
 .debug_line    0x0000070d       0xd0 ./src/FW_Inicializaciones/cr_startup_lpc176x.o
 .debug_line    0x000007dd      0x131 ./src/FW_Drivers/FW_7Seg.o
 .debug_line    0x0000090e       0xfd ./src/FW_Drivers/FW_GPIO.o
 .debug_line    0x00000a0b      0x11b ./src/FW_Drivers/FW_Systick.o
 .debug_line    0x00000b26      0x190 ./src/FW_Drivers/KitInfo2FW_Teclado.o
 .debug_line    0x00000cb6      0x1e9 ./src/main.o

.debug_str      0x00000000     0x4a25
 .debug_str     0x00000000     0x3dff ./src/inc/FW_InitExpansion2.o
                               0x3e32 (size before relaxing)
 .debug_str     0x00003dff      0x195 ./src/PRimitivas/KitInfo2PR_Teclado.o
                               0x3e47 (size before relaxing)
 .debug_str     0x00003f94       0x64 ./src/PRimitivas/PR_7Seg.o
                               0x3e76 (size before relaxing)
 .debug_str     0x00003ff8       0x68 ./src/FW_Inicializaciones/FW_InitGPIOBaseBoard.o
                               0x3e6a (size before relaxing)
 .debug_str     0x00004060       0x7b ./src/FW_Inicializaciones/FW_InitKit_principal.o
                               0x3ec7 (size before relaxing)
 .debug_str     0x000040db       0x36 ./src/FW_Inicializaciones/FW_InitOscilador.o
                               0x3696 (size before relaxing)
 .debug_str     0x00004111      0x2aa ./src/FW_Inicializaciones/cr_startup_lpc176x.o
                               0x2652 (size before relaxing)
 .debug_str     0x000043bb       0x3b ./src/FW_Drivers/FW_7Seg.o
                               0x3e50 (size before relaxing)
 .debug_str     0x000043f6       0x61 ./src/FW_Drivers/FW_GPIO.o
                               0x321c (size before relaxing)
 .debug_str     0x00004457       0x1f ./src/FW_Drivers/FW_Systick.o
                               0x3e31 (size before relaxing)
 .debug_str     0x00004476       0x70 ./src/FW_Drivers/KitInfo2FW_Teclado.o
                               0x3e89 (size before relaxing)
 .debug_str     0x000044e6      0x53f ./src/main.o
                               0x4370 (size before relaxing)

.comment        0x00000000       0xe0
 .comment       0x00000000       0x70 ./src/inc/FW_InitExpansion2.o
                                 0x71 (size before relaxing)
 .comment       0x00000070       0x70 ./src/PRimitivas/KitInfo2PR_Teclado.o
                                 0x71 (size before relaxing)
 .comment       0x00000000       0x71 ./src/PRimitivas/PR_7Seg.o
 .comment       0x00000000       0x71 ./src/FW_Inicializaciones/FW_InitGPIOBaseBoard.o
 .comment       0x00000000       0x71 ./src/FW_Inicializaciones/FW_InitKit_principal.o
 .comment       0x00000000       0x71 ./src/FW_Inicializaciones/FW_InitOscilador.o
 .comment       0x00000000       0x71 ./src/FW_Inicializaciones/cr_startup_lpc176x.o
 .comment       0x00000000       0x71 ./src/FW_Drivers/FW_7Seg.o
 .comment       0x00000000       0x71 ./src/FW_Drivers/FW_GPIO.o
 .comment       0x00000000       0x71 ./src/FW_Drivers/FW_Systick.o
 .comment       0x00000000       0x71 ./src/FW_Drivers/KitInfo2FW_Teclado.o
 .comment       0x00000000       0x71 ./src/main.o
 .comment       0x00000000       0x71 /usr/local/lpcxpresso_7.9.0_455/lpcxpresso/tools/bin/../lib/gcc/arm-none-eabi/4.9.3/../../../../arm-none-eabi/lib/armv7-m/libcr_semihost.a(_cr__main.o)
 .comment       0x00000000       0x71 /usr/local/lpcxpresso_7.9.0_455/lpcxpresso/tools/bin/../lib/gcc/arm-none-eabi/4.9.3/../../../../arm-none-eabi/lib/armv7-m/libcr_c.a(initio.o)
 .comment       0x00000000       0x71 /usr/local/lpcxpresso_7.9.0_455/lpcxpresso/tools/bin/../lib/gcc/arm-none-eabi/4.9.3/../../../../arm-none-eabi/lib/armv7-m/libcr_c.a(setvbuf.o)
 .comment       0x00000000       0x71 /usr/local/lpcxpresso_7.9.0_455/lpcxpresso/tools/bin/../lib/gcc/arm-none-eabi/4.9.3/../../../../arm-none-eabi/lib/armv7-m/libcr_c.a(stdio.o)
 .comment       0x00000000       0x71 /usr/local/lpcxpresso_7.9.0_455/lpcxpresso/tools/bin/../lib/gcc/arm-none-eabi/4.9.3/../../../../arm-none-eabi/lib/armv7-m/libcr_c.a(memset.o)
 .comment       0x00000000       0x71 /usr/local/lpcxpresso_7.9.0_455/lpcxpresso/tools/bin/../lib/gcc/arm-none-eabi/4.9.3/../../../../arm-none-eabi/lib/armv7-m/libcr_c.a(_deferredlazyseek.o)
 .comment       0x00000000       0x71 /usr/local/lpcxpresso_7.9.0_455/lpcxpresso/tools/bin/../lib/gcc/arm-none-eabi/4.9.3/../../../../arm-none-eabi/lib/armv7-m/libcr_c.a(_fdopen.o)
 .comment       0x00000000       0x71 /usr/local/lpcxpresso_7.9.0_455/lpcxpresso/tools/bin/../lib/gcc/arm-none-eabi/4.9.3/../../../../arm-none-eabi/lib/armv7-m/libcr_c.a(_fflush.o)
 .comment       0x00000000       0x71 /usr/local/lpcxpresso_7.9.0_455/lpcxpresso/tools/bin/../lib/gcc/arm-none-eabi/4.9.3/../../../../arm-none-eabi/lib/armv7-m/libcr_c.a(_writebuf.o)
 .comment       0x00000000       0x71 /usr/local/lpcxpresso_7.9.0_455/lpcxpresso/tools/bin/../lib/gcc/arm-none-eabi/4.9.3/../../../../arm-none-eabi/lib/armv7-m/libcr_c.a(alloc.o)
 .comment       0x00000000       0x71 /usr/local/lpcxpresso_7.9.0_455/lpcxpresso/tools/bin/../lib/gcc/arm-none-eabi/4.9.3/../../../../arm-none-eabi/lib/armv7-m/libcr_c.a(fclose.o)
 .comment       0x00000000       0x71 /usr/local/lpcxpresso_7.9.0_455/lpcxpresso/tools/bin/../lib/gcc/arm-none-eabi/4.9.3/../../../../arm-none-eabi/lib/armv7-m/libcr_c.a(fflush.o)
 .comment       0x00000000       0x71 /usr/local/lpcxpresso_7.9.0_455/lpcxpresso/tools/bin/../lib/gcc/arm-none-eabi/4.9.3/../../../../arm-none-eabi/lib/armv7-m/libcr_c.a(fseek.o)
 .comment       0x00000000       0x71 /usr/local/lpcxpresso_7.9.0_455/lpcxpresso/tools/bin/../lib/gcc/arm-none-eabi/4.9.3/../../../../arm-none-eabi/lib/armv7-m/libcr_c.a(ftell.o)
 .comment       0x00000000       0x71 /usr/local/lpcxpresso_7.9.0_455/lpcxpresso/tools/bin/../lib/gcc/arm-none-eabi/4.9.3/../../../../arm-none-eabi/lib/armv7-m/libcr_c.a(remove.o)
 .comment       0x00000000       0x71 /usr/local/lpcxpresso_7.9.0_455/lpcxpresso/tools/bin/../lib/gcc/arm-none-eabi/4.9.3/../../../../arm-none-eabi/lib/armv7-m/libcr_c.a(strlen.o)
 .comment       0x00000000       0x71 /usr/local/lpcxpresso_7.9.0_455/lpcxpresso/tools/bin/../lib/gcc/arm-none-eabi/4.9.3/../../../../arm-none-eabi/lib/armv7-m/libcr_c.a(__init_alloc.o)
 .comment       0x00000000       0x71 /usr/local/lpcxpresso_7.9.0_455/lpcxpresso/tools/bin/../lib/gcc/arm-none-eabi/4.9.3/../../../../arm-none-eabi/lib/armv7-m/libcr_c.a(_cr_sbrk.o)
 .comment       0x00000000       0x71 /usr/local/lpcxpresso_7.9.0_455/lpcxpresso/tools/bin/../lib/gcc/arm-none-eabi/4.9.3/../../../../arm-none-eabi/lib/armv7-m/libcr_c.a(_do_fflush.o)
 .comment       0x00000000       0x71 /usr/local/lpcxpresso_7.9.0_455/lpcxpresso/tools/bin/../lib/gcc/arm-none-eabi/4.9.3/../../../../arm-none-eabi/lib/armv7-m/libcr_c.a(errno.o)
 .comment       0x00000000       0x71 /usr/local/lpcxpresso_7.9.0_455/lpcxpresso/tools/bin/../lib/gcc/arm-none-eabi/4.9.3/../../../../arm-none-eabi/lib/armv7-m/libcr_c.a(_cr_check_heap.o)

.ARM.attributes
                0x00000000       0x31
 .ARM.attributes
                0x00000000       0x33 ./src/inc/FW_InitExpansion2.o
 .ARM.attributes
                0x00000033       0x33 ./src/PRimitivas/KitInfo2PR_Teclado.o
 .ARM.attributes
                0x00000066       0x33 ./src/PRimitivas/PR_7Seg.o
 .ARM.attributes
                0x00000099       0x33 ./src/FW_Inicializaciones/FW_InitGPIOBaseBoard.o
 .ARM.attributes
                0x000000cc       0x33 ./src/FW_Inicializaciones/FW_InitKit_principal.o
 .ARM.attributes
                0x000000ff       0x33 ./src/FW_Inicializaciones/FW_InitOscilador.o
 .ARM.attributes
                0x00000132       0x33 ./src/FW_Inicializaciones/cr_startup_lpc176x.o
 .ARM.attributes
                0x00000165       0x33 ./src/FW_Drivers/FW_7Seg.o
 .ARM.attributes
                0x00000198       0x33 ./src/FW_Drivers/FW_GPIO.o
 .ARM.attributes
                0x000001cb       0x33 ./src/FW_Drivers/FW_Systick.o
 .ARM.attributes
                0x000001fe       0x33 ./src/FW_Drivers/KitInfo2FW_Teclado.o
 .ARM.attributes
                0x00000231       0x33 ./src/main.o
 .ARM.attributes
                0x00000264       0x33 /usr/local/lpcxpresso_7.9.0_455/lpcxpresso/tools/bin/../lib/gcc/arm-none-eabi/4.9.3/../../../../arm-none-eabi/lib/armv7-m/libcr_semihost.a(_cr__main.o)
 .ARM.attributes
                0x00000297       0x33 /usr/local/lpcxpresso_7.9.0_455/lpcxpresso/tools/bin/../lib/gcc/arm-none-eabi/4.9.3/../../../../arm-none-eabi/lib/armv7-m/libcr_c.a(initio.o)
 .ARM.attributes
                0x000002ca       0x33 /usr/local/lpcxpresso_7.9.0_455/lpcxpresso/tools/bin/../lib/gcc/arm-none-eabi/4.9.3/../../../../arm-none-eabi/lib/armv7-m/libcr_c.a(setvbuf.o)
 .ARM.attributes
                0x000002fd       0x33 /usr/local/lpcxpresso_7.9.0_455/lpcxpresso/tools/bin/../lib/gcc/arm-none-eabi/4.9.3/../../../../arm-none-eabi/lib/armv7-m/libcr_c.a(stdio.o)
 .ARM.attributes
                0x00000330       0x33 /usr/local/lpcxpresso_7.9.0_455/lpcxpresso/tools/bin/../lib/gcc/arm-none-eabi/4.9.3/../../../../arm-none-eabi/lib/armv7-m/libcr_c.a(memset.o)
 .ARM.attributes
                0x00000363       0x33 /usr/local/lpcxpresso_7.9.0_455/lpcxpresso/tools/bin/../lib/gcc/arm-none-eabi/4.9.3/../../../../arm-none-eabi/lib/armv7-m/libcr_c.a(_deferredlazyseek.o)
 .ARM.attributes
                0x00000396       0x33 /usr/local/lpcxpresso_7.9.0_455/lpcxpresso/tools/bin/../lib/gcc/arm-none-eabi/4.9.3/../../../../arm-none-eabi/lib/armv7-m/libcr_c.a(_fdopen.o)
 .ARM.attributes
                0x000003c9       0x33 /usr/local/lpcxpresso_7.9.0_455/lpcxpresso/tools/bin/../lib/gcc/arm-none-eabi/4.9.3/../../../../arm-none-eabi/lib/armv7-m/libcr_c.a(_fflush.o)
 .ARM.attributes
                0x000003fc       0x33 /usr/local/lpcxpresso_7.9.0_455/lpcxpresso/tools/bin/../lib/gcc/arm-none-eabi/4.9.3/../../../../arm-none-eabi/lib/armv7-m/libcr_c.a(_writebuf.o)
 .ARM.attributes
                0x0000042f       0x33 /usr/local/lpcxpresso_7.9.0_455/lpcxpresso/tools/bin/../lib/gcc/arm-none-eabi/4.9.3/../../../../arm-none-eabi/lib/armv7-m/libcr_c.a(alloc.o)
 .ARM.attributes
                0x00000462       0x33 /usr/local/lpcxpresso_7.9.0_455/lpcxpresso/tools/bin/../lib/gcc/arm-none-eabi/4.9.3/../../../../arm-none-eabi/lib/armv7-m/libcr_c.a(fclose.o)
 .ARM.attributes
                0x00000495       0x33 /usr/local/lpcxpresso_7.9.0_455/lpcxpresso/tools/bin/../lib/gcc/arm-none-eabi/4.9.3/../../../../arm-none-eabi/lib/armv7-m/libcr_c.a(fflush.o)
 .ARM.attributes
                0x000004c8       0x33 /usr/local/lpcxpresso_7.9.0_455/lpcxpresso/tools/bin/../lib/gcc/arm-none-eabi/4.9.3/../../../../arm-none-eabi/lib/armv7-m/libcr_c.a(fseek.o)
 .ARM.attributes
                0x000004fb       0x33 /usr/local/lpcxpresso_7.9.0_455/lpcxpresso/tools/bin/../lib/gcc/arm-none-eabi/4.9.3/../../../../arm-none-eabi/lib/armv7-m/libcr_c.a(ftell.o)
 .ARM.attributes
                0x0000052e       0x33 /usr/local/lpcxpresso_7.9.0_455/lpcxpresso/tools/bin/../lib/gcc/arm-none-eabi/4.9.3/../../../../arm-none-eabi/lib/armv7-m/libcr_c.a(remove.o)
 .ARM.attributes
                0x00000561       0x33 /usr/local/lpcxpresso_7.9.0_455/lpcxpresso/tools/bin/../lib/gcc/arm-none-eabi/4.9.3/../../../../arm-none-eabi/lib/armv7-m/libcr_c.a(strlen.o)
 .ARM.attributes
                0x00000594       0x33 /usr/local/lpcxpresso_7.9.0_455/lpcxpresso/tools/bin/../lib/gcc/arm-none-eabi/4.9.3/../../../../arm-none-eabi/lib/armv7-m/libcr_c.a(__init_alloc.o)
 .ARM.attributes
                0x000005c7       0x33 /usr/local/lpcxpresso_7.9.0_455/lpcxpresso/tools/bin/../lib/gcc/arm-none-eabi/4.9.3/../../../../arm-none-eabi/lib/armv7-m/libcr_c.a(_cr_sbrk.o)
 .ARM.attributes
                0x000005fa       0x33 /usr/local/lpcxpresso_7.9.0_455/lpcxpresso/tools/bin/../lib/gcc/arm-none-eabi/4.9.3/../../../../arm-none-eabi/lib/armv7-m/libcr_c.a(_do_fflush.o)
 .ARM.attributes
                0x0000062d       0x33 /usr/local/lpcxpresso_7.9.0_455/lpcxpresso/tools/bin/../lib/gcc/arm-none-eabi/4.9.3/../../../../arm-none-eabi/lib/armv7-m/libcr_c.a(errno.o)
 .ARM.attributes
                0x00000660       0x33 /usr/local/lpcxpresso_7.9.0_455/lpcxpresso/tools/bin/../lib/gcc/arm-none-eabi/4.9.3/../../../../arm-none-eabi/lib/armv7-m/libcr_c.a(_cr_check_heap.o)
 .ARM.attributes
                0x00000693       0x21 /usr/local/lpcxpresso_7.9.0_455/lpcxpresso/tools/bin/../lib/gcc/arm-none-eabi/4.9.3/armv7-m/libcr_eabihelpers.a(memcpy.o)
 .ARM.attributes
                0x000006b4       0x21 /usr/local/lpcxpresso_7.9.0_455/lpcxpresso/tools/bin/../lib/gcc/arm-none-eabi/4.9.3/../../../../arm-none-eabi/lib/armv7-m/libcr_semihost.a(__sys_appexit.o)
 .ARM.attributes
                0x000006d5       0x21 /usr/local/lpcxpresso_7.9.0_455/lpcxpresso/tools/bin/../lib/gcc/arm-none-eabi/4.9.3/../../../../arm-none-eabi/lib/armv7-m/libcr_semihost.a(__sys_close.o)
 .ARM.attributes
                0x000006f6       0x21 /usr/local/lpcxpresso_7.9.0_455/lpcxpresso/tools/bin/../lib/gcc/arm-none-eabi/4.9.3/../../../../arm-none-eabi/lib/armv7-m/libcr_semihost.a(__sys_flen.o)
 .ARM.attributes
                0x00000717       0x21 /usr/local/lpcxpresso_7.9.0_455/lpcxpresso/tools/bin/../lib/gcc/arm-none-eabi/4.9.3/../../../../arm-none-eabi/lib/armv7-m/libcr_semihost.a(__sys_istty.o)
 .ARM.attributes
                0x00000738       0x21 /usr/local/lpcxpresso_7.9.0_455/lpcxpresso/tools/bin/../lib/gcc/arm-none-eabi/4.9.3/../../../../arm-none-eabi/lib/armv7-m/libcr_semihost.a(__sys_remove.o)
 .ARM.attributes
                0x00000759       0x21 /usr/local/lpcxpresso_7.9.0_455/lpcxpresso/tools/bin/../lib/gcc/arm-none-eabi/4.9.3/../../../../arm-none-eabi/lib/armv7-m/libcr_semihost.a(__sys_seek.o)
 .ARM.attributes
                0x0000077a       0x21 /usr/local/lpcxpresso_7.9.0_455/lpcxpresso/tools/bin/../lib/gcc/arm-none-eabi/4.9.3/../../../../arm-none-eabi/lib/armv7-m/libcr_semihost.a(__sys_tmpnam.o)
 .ARM.attributes
                0x0000079b       0x21 /usr/local/lpcxpresso_7.9.0_455/lpcxpresso/tools/bin/../lib/gcc/arm-none-eabi/4.9.3/../../../../arm-none-eabi/lib/armv7-m/libcr_semihost.a(__sys_write.o)

.debug_frame    0x00000000      0x474
 .debug_frame   0x00000000       0x2c ./src/inc/FW_InitExpansion2.o
 .debug_frame   0x0000002c       0x38 ./src/PRimitivas/KitInfo2PR_Teclado.o
 .debug_frame   0x00000064       0x38 ./src/PRimitivas/PR_7Seg.o
 .debug_frame   0x0000009c       0x64 ./src/FW_Inicializaciones/FW_InitGPIOBaseBoard.o
 .debug_frame   0x00000100       0x4c ./src/FW_Inicializaciones/FW_InitKit_principal.o
 .debug_frame   0x0000014c       0x30 ./src/FW_Inicializaciones/FW_InitOscilador.o
 .debug_frame   0x0000017c       0xf0 ./src/FW_Inicializaciones/cr_startup_lpc176x.o
 .debug_frame   0x0000026c       0x34 ./src/FW_Drivers/FW_7Seg.o
 .debug_frame   0x000002a0       0xd8 ./src/FW_Drivers/FW_GPIO.o
 .debug_frame   0x00000378       0x2c ./src/FW_Drivers/FW_Systick.o
 .debug_frame   0x000003a4       0x80 ./src/FW_Drivers/KitInfo2FW_Teclado.o
 .debug_frame   0x00000424       0x50 ./src/main.o

.debug_loc      0x00000000      0x1be
 .debug_loc     0x00000000      0x1be ./src/FW_Inicializaciones/cr_startup_lpc176x.o
